Archive member included to satisfy reference by file (symbol)

D:/STM32CubeIDE_1.3.0/STM32CubeIDE/plugins/com.st.stm32cube.ide.mcu.externaltools.gnu-tools-for-stm32.11.3.rel1.win32_1.1.100.202309141235/tools/bin/../lib/gcc/arm-none-eabi/11.3.1/../../../../arm-none-eabi/lib/thumb/v7e-m+fp/hard\libc_nano.a(libc_a-exit.o)
                              D:/STM32CubeIDE_1.3.0/STM32CubeIDE/plugins/com.st.stm32cube.ide.mcu.externaltools.gnu-tools-for-stm32.11.3.rel1.win32_1.1.100.202309141235/tools/bin/../lib/gcc/arm-none-eabi/11.3.1/../../../../arm-none-eabi/lib/thumb/v7e-m+fp/hard/crt0.o (exit)
D:/STM32CubeIDE_1.3.0/STM32CubeIDE/plugins/com.st.stm32cube.ide.mcu.externaltools.gnu-tools-for-stm32.11.3.rel1.win32_1.1.100.202309141235/tools/bin/../lib/gcc/arm-none-eabi/11.3.1/../../../../arm-none-eabi/lib/thumb/v7e-m+fp/hard\libc_nano.a(libc_a-malloc.o)
                              ./Middlewares/ST/STM32_USB_Host_Library/Class/MSC/Src/usbh_msc.o (malloc)
D:/STM32CubeIDE_1.3.0/STM32CubeIDE/plugins/com.st.stm32cube.ide.mcu.externaltools.gnu-tools-for-stm32.11.3.rel1.win32_1.1.100.202309141235/tools/bin/../lib/gcc/arm-none-eabi/11.3.1/../../../../arm-none-eabi/lib/thumb/v7e-m+fp/hard\libc_nano.a(libc_a-mallocr.o)
                              D:/STM32CubeIDE_1.3.0/STM32CubeIDE/plugins/com.st.stm32cube.ide.mcu.externaltools.gnu-tools-for-stm32.11.3.rel1.win32_1.1.100.202309141235/tools/bin/../lib/gcc/arm-none-eabi/11.3.1/../../../../arm-none-eabi/lib/thumb/v7e-m+fp/hard\libc_nano.a(libc_a-malloc.o) (_malloc_r)
D:/STM32CubeIDE_1.3.0/STM32CubeIDE/plugins/com.st.stm32cube.ide.mcu.externaltools.gnu-tools-for-stm32.11.3.rel1.win32_1.1.100.202309141235/tools/bin/../lib/gcc/arm-none-eabi/11.3.1/../../../../arm-none-eabi/lib/thumb/v7e-m+fp/hard\libc_nano.a(libc_a-mlock.o)
                              D:/STM32CubeIDE_1.3.0/STM32CubeIDE/plugins/com.st.stm32cube.ide.mcu.externaltools.gnu-tools-for-stm32.11.3.rel1.win32_1.1.100.202309141235/tools/bin/../lib/gcc/arm-none-eabi/11.3.1/../../../../arm-none-eabi/lib/thumb/v7e-m+fp/hard\libc_nano.a(libc_a-mallocr.o) (__malloc_lock)
D:/STM32CubeIDE_1.3.0/STM32CubeIDE/plugins/com.st.stm32cube.ide.mcu.externaltools.gnu-tools-for-stm32.11.3.rel1.win32_1.1.100.202309141235/tools/bin/../lib/gcc/arm-none-eabi/11.3.1/../../../../arm-none-eabi/lib/thumb/v7e-m+fp/hard\libc_nano.a(libc_a-findfp.o)
                              D:/STM32CubeIDE_1.3.0/STM32CubeIDE/plugins/com.st.stm32cube.ide.mcu.externaltools.gnu-tools-for-stm32.11.3.rel1.win32_1.1.100.202309141235/tools/bin/../lib/gcc/arm-none-eabi/11.3.1/../../../../arm-none-eabi/lib/thumb/v7e-m+fp/hard\libc_nano.a(libc_a-exit.o) (__stdio_exit_handler)
D:/STM32CubeIDE_1.3.0/STM32CubeIDE/plugins/com.st.stm32cube.ide.mcu.externaltools.gnu-tools-for-stm32.11.3.rel1.win32_1.1.100.202309141235/tools/bin/../lib/gcc/arm-none-eabi/11.3.1/../../../../arm-none-eabi/lib/thumb/v7e-m+fp/hard\libc_nano.a(libc_a-fwalk.o)
                              D:/STM32CubeIDE_1.3.0/STM32CubeIDE/plugins/com.st.stm32cube.ide.mcu.externaltools.gnu-tools-for-stm32.11.3.rel1.win32_1.1.100.202309141235/tools/bin/../lib/gcc/arm-none-eabi/11.3.1/../../../../arm-none-eabi/lib/thumb/v7e-m+fp/hard\libc_nano.a(libc_a-findfp.o) (_fwalk_sglue)
D:/STM32CubeIDE_1.3.0/STM32CubeIDE/plugins/com.st.stm32cube.ide.mcu.externaltools.gnu-tools-for-stm32.11.3.rel1.win32_1.1.100.202309141235/tools/bin/../lib/gcc/arm-none-eabi/11.3.1/../../../../arm-none-eabi/lib/thumb/v7e-m+fp/hard\libc_nano.a(libc_a-stdio.o)
                              D:/STM32CubeIDE_1.3.0/STM32CubeIDE/plugins/com.st.stm32cube.ide.mcu.externaltools.gnu-tools-for-stm32.11.3.rel1.win32_1.1.100.202309141235/tools/bin/../lib/gcc/arm-none-eabi/11.3.1/../../../../arm-none-eabi/lib/thumb/v7e-m+fp/hard\libc_nano.a(libc_a-findfp.o) (__sread)
D:/STM32CubeIDE_1.3.0/STM32CubeIDE/plugins/com.st.stm32cube.ide.mcu.externaltools.gnu-tools-for-stm32.11.3.rel1.win32_1.1.100.202309141235/tools/bin/../lib/gcc/arm-none-eabi/11.3.1/../../../../arm-none-eabi/lib/thumb/v7e-m+fp/hard\libc_nano.a(libc_a-memset.o)
                              D:/STM32CubeIDE_1.3.0/STM32CubeIDE/plugins/com.st.stm32cube.ide.mcu.externaltools.gnu-tools-for-stm32.11.3.rel1.win32_1.1.100.202309141235/tools/bin/../lib/gcc/arm-none-eabi/11.3.1/../../../../arm-none-eabi/lib/thumb/v7e-m+fp/hard/crt0.o (memset)
D:/STM32CubeIDE_1.3.0/STM32CubeIDE/plugins/com.st.stm32cube.ide.mcu.externaltools.gnu-tools-for-stm32.11.3.rel1.win32_1.1.100.202309141235/tools/bin/../lib/gcc/arm-none-eabi/11.3.1/../../../../arm-none-eabi/lib/thumb/v7e-m+fp/hard\libc_nano.a(libc_a-strncpy.o)
                              ./Core/Src/explorer.o (strncpy)
D:/STM32CubeIDE_1.3.0/STM32CubeIDE/plugins/com.st.stm32cube.ide.mcu.externaltools.gnu-tools-for-stm32.11.3.rel1.win32_1.1.100.202309141235/tools/bin/../lib/gcc/arm-none-eabi/11.3.1/../../../../arm-none-eabi/lib/thumb/v7e-m+fp/hard\libc_nano.a(libc_a-strstr.o)
                              ./Core/Src/explorer.o (strstr)
[...]
Memory Configuration

Name             Origin             Length             Attributes
RAM              0x0000000020000000 0x0000000000050000 xrw
FLASH            0x0000000008000000 0x0000000000100000 xr
*default*        0x0000000000000000 0xffffffffffffffff

Linker script and memory map

LOAD D:/STM32CubeIDE_1.3.0/STM32CubeIDE/plugins/com.st.stm32cube.ide.mcu.externaltools.gnu-tools-for-stm32.11.3.rel1.win32_1.1.100.202309141235/tools/bin/../lib/gcc/arm-none-eabi/11.3.1/thumb/v7e-m+fp/hard/crti.o
LOAD D:/STM32CubeIDE_1.3.0/STM32CubeIDE/plugins/com.st.stm32cube.ide.mcu.externaltools.gnu-tools-for-stm32.11.3.rel1.win32_1.1.100.202309141235/tools/bin/../lib/gcc/arm-none-eabi/11.3.1/thumb/v7e-m+fp/hard/crtbegin.o
LOAD D:/STM32CubeIDE_1.3.0/STM32CubeIDE/plugins/com.st.stm32cube.ide.mcu.externaltools.gnu-tools-for-stm32.11.3.rel1.win32_1.1.100.202309141235/tools/bin/../lib/gcc/arm-none-eabi/11.3.1/../../../../arm-none-eabi/lib/thumb/v7e-m+fp/hard/crt0.o
LOAD ./Core/Src/dma.o
LOAD ./Core/Src/explorer.o
LOAD ./Core/Src/gpio.o
LOAD ./Core/Src/i2c.o
LOAD ./Core/Src/main.o
LOAD ./Core/Src/sai.o
LOAD ./Core/Src/stm32f7xx_hal_msp.o
LOAD ./Core/Src/stm32f7xx_it.o
LOAD ./Core/Src/syscalls.o
LOAD ./Core/Src/sysmem.o
LOAD ./Core/Src/system_stm32f7xx.o
LOAD ./Core/Src/waveplayer.o
LOAD ./Core/Startup/startup_stm32f746nghx.o
LOAD ./Drivers/BSP/Components/wm8994/wm8994.o
LOAD ./Drivers/BSP/STM32746G-Discovery/stm32746g_discovery.o
LOAD ./Drivers/BSP/STM32746G-Discovery/stm32746g_discovery_audio.o
LOAD ./Drivers/STM32F7xx_HAL_Driver/Src/stm32f7xx_hal.o
LOAD ./Drivers/STM32F7xx_HAL_Driver/Src/stm32f7xx_hal_cortex.o
LOAD ./Drivers/STM32F7xx_HAL_Driver/Src/stm32f7xx_hal_dma.o
LOAD ./Drivers/STM32F7xx_HAL_Driver/Src/stm32f7xx_hal_dma_ex.o
LOAD ./Drivers/STM32F7xx_HAL_Driver/Src/stm32f7xx_hal_exti.o
LOAD ./Drivers/STM32F7xx_HAL_Driver/Src/stm32f7xx_hal_flash.o
LOAD ./Drivers/STM32F7xx_HAL_Driver/Src/stm32f7xx_hal_flash_ex.o
LOAD ./Drivers/STM32F7xx_HAL_Driver/Src/stm32f7xx_hal_gpio.o
LOAD ./Drivers/STM32F7xx_HAL_Driver/Src/stm32f7xx_hal_hcd.o
LOAD ./Drivers/STM32F7xx_HAL_Driver/Src/stm32f7xx_hal_i2c.o
LOAD ./Drivers/STM32F7xx_HAL_Driver/Src/stm32f7xx_hal_i2c_ex.o
LOAD ./Drivers/STM32F7xx_HAL_Driver/Src/stm32f7xx_hal_pwr.o
LOAD ./Drivers/STM32F7xx_HAL_Driver/Src/stm32f7xx_hal_pwr_ex.o
LOAD ./Drivers/STM32F7xx_HAL_Driver/Src/stm32f7xx_hal_rcc.o
LOAD ./Drivers/STM32F7xx_HAL_Driver/Src/stm32f7xx_hal_rcc_ex.o
LOAD ./Drivers/STM32F7xx_HAL_Driver/Src/stm32f7xx_hal_sai.o
LOAD ./Drivers/STM32F7xx_HAL_Driver/Src/stm32f7xx_hal_sai_ex.o
LOAD ./Drivers/STM32F7xx_HAL_Driver/Src/stm32f7xx_hal_tim.o
LOAD ./Drivers/STM32F7xx_HAL_Driver/Src/stm32f7xx_hal_tim_ex.o
LOAD ./Drivers/STM32F7xx_HAL_Driver/Src/stm32f7xx_ll_usb.o
LOAD ./FATFS/App/fatfs.o
LOAD ./FATFS/Target/usbh_diskio.o
LOAD ./Middlewares/ST/STM32_USB_Host_Library/Class/MSC/Src/usbh_msc.o
LOAD ./Middlewares/ST/STM32_USB_Host_Library/Class/MSC/Src/usbh_msc_bot.o
LOAD ./Middlewares/ST/STM32_USB_Host_Library/Class/MSC/Src/usbh_msc_scsi.o
LOAD ./Middlewares/ST/STM32_USB_Host_Library/Core/Src/usbh_core.o
LOAD ./Middlewares/ST/STM32_USB_Host_Library/Core/Src/usbh_ctlreq.o
LOAD ./Middlewares/ST/STM32_USB_Host_Library/Core/Src/usbh_ioreq.o
LOAD ./Middlewares/ST/STM32_USB_Host_Library/Core/Src/usbh_pipes.o
LOAD ./Middlewares/Third_Party/FatFs/src/diskio.o
LOAD ./Middlewares/Third_Party/FatFs/src/ff.o
LOAD ./Middlewares/Third_Party/FatFs/src/ff_gen_drv.o
LOAD ./Middlewares/Third_Party/FatFs/src/option/ccsbcs.o
LOAD ./Middlewares/Third_Party/FatFs/src/option/syscall.o
LOAD ./USB_HOST/App/usb_host.o
LOAD ./USB_HOST/Target/usbh_conf.o
LOAD ./USB_HOST/Target/usbh_platform.o
START GROUP
LOAD D:/STM32CubeIDE_1.3.0/STM32CubeIDE/plugins/com.st.stm32cube.ide.mcu.externaltools.gnu-tools-for-stm32.11.3.rel1.win32_1.1.100.202309141235/tools/bin/../lib/gcc/arm-none-eabi/11.3.1/../../../../arm-none-eabi/lib/thumb/v7e-m+fp/hard\libc_nano.a
LOAD D:/STM32CubeIDE_1.3.0/STM32CubeIDE/plugins/com.st.stm32cube.ide.mcu.externaltools.gnu-tools-for-stm32.11.3.rel1.win32_1.1.100.202309141235/tools/bin/../lib/gcc/arm-none-eabi/11.3.1/../../../../arm-none-eabi/lib/thumb/v7e-m+fp/hard\libm.a
END GROUP
START GROUP
LOAD D:/STM32CubeIDE_1.3.0/STM32CubeIDE/plugins/com.st.stm32cube.ide.mcu.externaltools.gnu-tools-for-stm32.11.3.rel1.win32_1.1.100.202309141235/tools/bin/../lib/gcc/arm-none-eabi/11.3.1/thumb/v7e-m+fp/hard\libgcc.a
LOAD D:/STM32CubeIDE_1.3.0/STM32CubeIDE/plugins/com.st.stm32cube.ide.mcu.externaltools.gnu-tools-for-stm32.11.3.rel1.win32_1.1.100.202309141235/tools/bin/../lib/gcc/arm-none-eabi/11.3.1/../../../../arm-none-eabi/lib/thumb/v7e-m+fp/hard\libc_nano.a
END GROUP
START GROUP
LOAD D:/STM32CubeIDE_1.3.0/STM32CubeIDE/plugins/com.st.stm32cube.ide.mcu.externaltools.gnu-tools-for-stm32.11.3.rel1.win32_1.1.100.202309141235/tools/bin/../lib/gcc/arm-none-eabi/11.3.1/thumb/v7e-m+fp/hard\libgcc.a
LOAD D:/STM32CubeIDE_1.3.0/STM32CubeIDE/plugins/com.st.stm32cube.ide.mcu.externaltools.gnu-tools-for-stm32.11.3.rel1.win32_1.1.100.202309141235/tools/bin/../lib/gcc/arm-none-eabi/11.3.1/../../../../arm-none-eabi/lib/thumb/v7e-m+fp/hard\libc_nano.a
LOAD D:/STM32CubeIDE_1.3.0/STM32CubeIDE/plugins/com.st.stm32cube.ide.mcu.externaltools.gnu-tools-for-stm32.11.3.rel1.win32_1.1.100.202309141235/tools/bin/../lib/gcc/arm-none-eabi/11.3.1/../../../../arm-none-eabi/lib/thumb/v7e-m+fp/hard\libnosys.a
END GROUP
START GROUP
LOAD D:/STM32CubeIDE_1.3.0/STM32CubeIDE/plugins/com.st.stm32cube.ide.mcu.externaltools.gnu-tools-for-stm32.11.3.rel1.win32_1.1.100.202309141235/tools/bin/../lib/gcc/arm-none-eabi/11.3.1/thumb/v7e-m+fp/hard\libgcc.a
LOAD D:/STM32CubeIDE_1.3.0/STM32CubeIDE/plugins/com.st.stm32cube.ide.mcu.externaltools.gnu-tools-for-stm32.11.3.rel1.win32_1.1.100.202309141235/tools/bin/../lib/gcc/arm-none-eabi/11.3.1/../../../../arm-none-eabi/lib/thumb/v7e-m+fp/hard\libc_nano.a
LOAD D:/STM32CubeIDE_1.3.0/STM32CubeIDE/plugins/com.st.stm32cube.ide.mcu.externaltools.gnu-tools-for-stm32.11.3.rel1.win32_1.1.100.202309141235/tools/bin/../lib/gcc/arm-none-eabi/11.3.1/../../../../arm-none-eabi/lib/thumb/v7e-m+fp/hard\libnosys.a
END GROUP
LOAD D:/STM32CubeIDE_1.3.0/STM32CubeIDE/plugins/com.st.stm32cube.ide.mcu.externaltools.gnu-tools-for-stm32.11.3.rel1.win32_1.1.100.202309141235/tools/bin/../lib/gcc/arm-none-eabi/11.3.1/thumb/v7e-m+fp/hard/crtend.o
LOAD D:/STM32CubeIDE_1.3.0/STM32CubeIDE/plugins/com.st.stm32cube.ide.mcu.externaltools.gnu-tools-for-stm32.11.3.rel1.win32_1.1.100.202309141235/tools/bin/../lib/gcc/arm-none-eabi/11.3.1/thumb/v7e-m+fp/hard/crtn.o
                0x0000000020050000                _estack = (ORIGIN (RAM) + LENGTH (RAM))
                0x0000000000000200                _Min_Heap_Size = 0x200
                0x0000000000000400                _Min_Stack_Size = 0x400

.isr_vector     0x0000000008000000      0x1c8
                0x0000000008000000                . = ALIGN (0x4)
 *(.isr_vector)
 .isr_vector    0x0000000008000000      0x1c8 ./Core/Startup/startup_stm32f746nghx.o
                0x0000000008000000                g_pfnVectors
                0x00000000080001c8                . = ALIGN (0x4)

.text           0x00000000080001c8    0x10a90
                0x00000000080001c8                . = ALIGN (0x4)
 *(.text)
 .text          0x00000000080001c8       0x40 D:/STM32CubeIDE_1.3.0/STM32CubeIDE/plugins/com.st.stm32cube.ide.mcu.externaltools.gnu-tools-for-stm32.11.3.rel1.win32_1.1.100.202309141235/tools/bin/../lib/gcc/arm-none-eabi/11.3.1/thumb/v7e-m+fp/hard/crtbegin.o
 .text          0x0000000008000208       0x30 D:/STM32CubeIDE_1.3.0/STM32CubeIDE/plugins/com.st.stm32cube.ide.mcu.externaltools.gnu-tools-for-stm32.11.3.rel1.win32_1.1.100.202309141235/tools/bin/../lib/gcc/arm-none-eabi/11.3.1/thumb/v7e-m+fp/hard\libgcc.a(_aeabi_uldivmod.o)
                0x0000000008000208                __aeabi_uldivmod
 .text          0x0000000008000238      0x2c8 D:/STM32CubeIDE_1.3.0/STM32CubeIDE/plugins/com.st.stm32cube.ide.mcu.externaltools.gnu-tools-for-stm32.11.3.rel1.win32_1.1.100.202309141235/tools/bin/../lib/gcc/arm-none-eabi/11.3.1/thumb/v7e-m+fp/hard\libgcc.a(_udivmoddi4.o)
                0x0000000008000238                __udivmoddi4
 .text          0x0000000008000500        0x4 D:/STM32CubeIDE_1.3.0/STM32CubeIDE/plugins/com.st.stm32cube.ide.mcu.externaltools.gnu-tools-for-stm32.11.3.rel1.win32_1.1.100.202309141235/tools/bin/../lib/gcc/arm-none-eabi/11.3.1/thumb/v7e-m+fp/hard\libgcc.a(_dvmd_tls.o)
                0x0000000008000500                __aeabi_idiv0
                0x0000000008000500                __aeabi_ldiv0
 *(.text*)
 .text.MX_DMA_Init
                0x0000000008000504       0x3c ./Core/Src/dma.o
                0x0000000008000504                MX_DMA_Init
 .text.AUDIO_StorageParse
                0x0000000008000540      0x140 ./Core/Src/explorer.o
                0x0000000008000540                AUDIO_StorageParse
 .text.AUDIO_GetWavObjectNumber
                0x0000000008000680       0x1c ./Core/Src/explorer.o
                0x0000000008000680                AUDIO_GetWavObjectNumber
 .text.MX_GPIO_Init
                0x000000000800069c       0xdc ./Core/Src/gpio.o
                0x000000000800069c                MX_GPIO_Init
 .text.MX_I2C3_Init
                0x0000000008000778       0x80 ./Core/Src/i2c.o
                0x0000000008000778                MX_I2C3_Init
 .text.HAL_I2C_MspInit
                0x00000000080007f8       0xc0 ./Core/Src/i2c.o
                0x00000000080007f8                HAL_I2C_MspInit
 .text.HAL_I2C_MspDeInit
                0x00000000080008b8       0x44 ./Core/Src/i2c.o
                0x00000000080008b8                HAL_I2C_MspDeInit
 .text.main     0x00000000080008fc       0x7c ./Core/Src/main.o
                0x00000000080008fc                main
 .text.SystemClock_Config
                0x0000000008000978       0xdc ./Core/Src/main.o
                0x0000000008000978                SystemClock_Config
 .text.PeriphCommonClock_Config
                0x0000000008000a54       0x58 ./Core/Src/main.o
                0x0000000008000a54                PeriphCommonClock_Config
 .text.Error_Handler
                0x0000000008000aac        0xa ./Core/Src/main.o
                0x0000000008000aac                Error_Handler
 *fill*         0x0000000008000ab6        0x2 
 .text.MX_SAI2_Init
                0x0000000008000ab8       0xbc ./Core/Src/sai.o
                0x0000000008000ab8                MX_SAI2_Init
 .text.HAL_SAI_MspInit
                0x0000000008000b74      0x100 ./Core/Src/sai.o
                0x0000000008000b74                HAL_SAI_MspInit
 .text.HAL_SAI_MspDeInit
                0x0000000008000c74       0x64 ./Core/Src/sai.o
                0x0000000008000c74                HAL_SAI_MspDeInit
 .text.HAL_MspInit
                0x0000000008000cd8       0x48 ./Core/Src/stm32f7xx_hal_msp.o
                0x0000000008000cd8                HAL_MspInit
 .text.NMI_Handler
                0x0000000008000d20        0x6 ./Core/Src/stm32f7xx_it.o
                0x0000000008000d20                NMI_Handler
 .text.HardFault_Handler
                0x0000000008000d26        0x6 ./Core/Src/stm32f7xx_it.o
                0x0000000008000d26                HardFault_Handler
 .text.MemManage_Handler
                0x0000000008000d2c        0x6 ./Core/Src/stm32f7xx_it.o
                0x0000000008000d2c                MemManage_Handler
 .text.BusFault_Handler
                0x0000000008000d32        0x6 ./Core/Src/stm32f7xx_it.o
                0x0000000008000d32                BusFault_Handler
 .text.UsageFault_Handler
                0x0000000008000d38        0x6 ./Core/Src/stm32f7xx_it.o
                0x0000000008000d38                UsageFault_Handler
 .text.SVC_Handler
                0x0000000008000d3e        0xe ./Core/Src/stm32f7xx_it.o
                0x0000000008000d3e                SVC_Handler
 .text.DebugMon_Handler
                0x0000000008000d4c        0xe ./Core/Src/stm32f7xx_it.o
                0x0000000008000d4c                DebugMon_Handler
 .text.PendSV_Handler
                0x0000000008000d5a        0xe ./Core/Src/stm32f7xx_it.o
                0x0000000008000d5a                PendSV_Handler
 .text.SysTick_Handler
                0x0000000008000d68        0xc ./Core/Src/stm32f7xx_it.o
                0x0000000008000d68                SysTick_Handler
 .text.EXTI15_10_IRQHandler
                0x0000000008000d74       0x10 ./Core/Src/stm32f7xx_it.o
                0x0000000008000d74                EXTI15_10_IRQHandler
 .text.DMA2_Stream4_IRQHandler
                0x0000000008000d84       0x14 ./Core/Src/stm32f7xx_it.o
                0x0000000008000d84                DMA2_Stream4_IRQHandler
 .text.OTG_FS_IRQHandler
                0x0000000008000d98       0x14 ./Core/Src/stm32f7xx_it.o
                0x0000000008000d98                OTG_FS_IRQHandler
 .text._sbrk    0x0000000008000dac       0x6c ./Core/Src/sysmem.o
                0x0000000008000dac                _sbrk
 .text.SystemInit
                0x0000000008000e18       0x24 ./Core/Src/system_stm32f7xx.o
                0x0000000008000e18                SystemInit
 .text.AUDIO_PLAYER_Start
                0x0000000008000e3c       0x9c ./Core/Src/waveplayer.o
                0x0000000008000e3c                AUDIO_PLAYER_Start
 .text.AUDIO_PLAYER_Process
                0x0000000008000ed8      0x264 ./Core/Src/waveplayer.o
                0x0000000008000ed8                AUDIO_PLAYER_Process
 .text.BSP_AUDIO_OUT_TransferComplete_CallBack
                0x000000000800113c       0x28 ./Core/Src/waveplayer.o
                0x000000000800113c                BSP_AUDIO_OUT_TransferComplete_CallBack
 .text.BSP_AUDIO_OUT_HalfTransfer_CallBack
                0x0000000008001164       0x28 ./Core/Src/waveplayer.o
                0x0000000008001164                BSP_AUDIO_OUT_HalfTransfer_CallBack
 .text.GetFileInfo
                0x000000000800118c       0x60 ./Core/Src/waveplayer.o
 .text.PlayerInit
                0x00000000080011ec       0x38 ./Core/Src/waveplayer.o
 .text.Reset_Handler
                0x0000000008001224       0x50 ./Core/Startup/startup_stm32f746nghx.o
                0x0000000008001224                Reset_Handler
 .text.Default_Handler
                0x0000000008001274        0x2 ./Core/Startup/startup_stm32f746nghx.o
                0x0000000008001274                RTC_Alarm_IRQHandler
                0x0000000008001274                EXTI2_IRQHandler
                0x0000000008001274                TIM8_CC_IRQHandler
                0x0000000008001274                UART8_IRQHandler
                0x0000000008001274                SPI4_IRQHandler
                0x0000000008001274                TIM1_CC_IRQHandler
                0x0000000008001274                DMA2_Stream5_IRQHandler
                0x0000000008001274                DMA1_Stream5_IRQHandler
                0x0000000008001274                PVD_IRQHandler
                0x0000000008001274                TAMP_STAMP_IRQHandler
                0x0000000008001274                CAN2_RX1_IRQHandler
                0x0000000008001274                EXTI3_IRQHandler
                0x0000000008001274                TIM8_TRG_COM_TIM14_IRQHandler
                0x0000000008001274                TIM1_UP_TIM10_IRQHandler
                0x0000000008001274                TIM8_UP_TIM13_IRQHandler
                0x0000000008001274                I2C3_ER_IRQHandler
                0x0000000008001274                EXTI0_IRQHandler
                0x0000000008001274                I2C2_EV_IRQHandler
                0x0000000008001274                DMA1_Stream2_IRQHandler
                0x0000000008001274                CAN1_RX0_IRQHandler
                0x0000000008001274                FPU_IRQHandler
                0x0000000008001274                OTG_HS_WKUP_IRQHandler
                0x0000000008001274                LTDC_ER_IRQHandler
                0x0000000008001274                CAN2_SCE_IRQHandler
                0x0000000008001274                DMA2_Stream2_IRQHandler
                0x0000000008001274                SPI1_IRQHandler
                0x0000000008001274                TIM6_DAC_IRQHandler
                0x0000000008001274                TIM1_BRK_TIM9_IRQHandler
                0x0000000008001274                DCMI_IRQHandler
                0x0000000008001274                CAN2_RX0_IRQHandler
                0x0000000008001274                DMA2_Stream3_IRQHandler
                0x0000000008001274                SAI2_IRQHandler
                0x0000000008001274                USART6_IRQHandler
                0x0000000008001274                USART3_IRQHandler
                0x0000000008001274                CAN1_RX1_IRQHandler
                0x0000000008001274                UART5_IRQHandler
                0x0000000008001274                DMA2_Stream0_IRQHandler
                0x0000000008001274                TIM4_IRQHandler
                0x0000000008001274                QUADSPI_IRQHandler
                0x0000000008001274                I2C1_EV_IRQHandler
                0x0000000008001274                DMA1_Stream6_IRQHandler
                0x0000000008001274                DMA1_Stream1_IRQHandler
                0x0000000008001274                UART4_IRQHandler
                0x0000000008001274                TIM3_IRQHandler
                0x0000000008001274                RCC_IRQHandler
                0x0000000008001274                TIM8_BRK_TIM12_IRQHandler
                0x0000000008001274                Default_Handler
                0x0000000008001274                CEC_IRQHandler
                0x0000000008001274                ADC_IRQHandler
                0x0000000008001274                DMA1_Stream7_IRQHandler
                0x0000000008001274                SPI5_IRQHandler
                0x0000000008001274                TIM7_IRQHandler
                0x0000000008001274                SDMMC1_IRQHandler
                0x0000000008001274                CAN2_TX_IRQHandler
                0x0000000008001274                TIM5_IRQHandler
                0x0000000008001274                DMA2_Stream7_IRQHandler
                0x0000000008001274                I2C3_EV_IRQHandler
                0x0000000008001274                EXTI9_5_IRQHandler
                0x0000000008001274                RTC_WKUP_IRQHandler
                0x0000000008001274                LTDC_IRQHandler
                0x0000000008001274                ETH_WKUP_IRQHandler
                0x0000000008001274                SPDIF_RX_IRQHandler
                0x0000000008001274                SPI2_IRQHandler
                0x0000000008001274                OTG_HS_EP1_IN_IRQHandler
                0x0000000008001274                DMA1_Stream0_IRQHandler
                0x0000000008001274                CAN1_TX_IRQHandler
                0x0000000008001274                EXTI4_IRQHandler
                0x0000000008001274                RNG_IRQHandler
                0x0000000008001274                ETH_IRQHandler
                0x0000000008001274                OTG_HS_EP1_OUT_IRQHandler
                0x0000000008001274                WWDG_IRQHandler
                0x0000000008001274                SPI6_IRQHandler
                0x0000000008001274                I2C4_EV_IRQHandler
                0x0000000008001274                TIM2_IRQHandler
                0x0000000008001274                OTG_FS_WKUP_IRQHandler
                0x0000000008001274                TIM1_TRG_COM_TIM11_IRQHandler
                0x0000000008001274                OTG_HS_IRQHandler
                0x0000000008001274                DMA2D_IRQHandler
                0x0000000008001274                EXTI1_IRQHandler
                0x0000000008001274                UART7_IRQHandler
                0x0000000008001274                USART2_IRQHandler
                0x0000000008001274                I2C2_ER_IRQHandler
                0x0000000008001274                DMA2_Stream1_IRQHandler
                0x0000000008001274                CAN1_SCE_IRQHandler
                0x0000000008001274                FLASH_IRQHandler
                0x0000000008001274                USART1_IRQHandler
                0x0000000008001274                SPI3_IRQHandler
                0x0000000008001274                DMA1_Stream4_IRQHandler
                0x0000000008001274                I2C1_ER_IRQHandler
                0x0000000008001274                FMC_IRQHandler
                0x0000000008001274                LPTIM1_IRQHandler
                0x0000000008001274                I2C4_ER_IRQHandler
                0x0000000008001274                DMA2_Stream6_IRQHandler
                0x0000000008001274                SAI1_IRQHandler
                0x0000000008001274                DMA1_Stream3_IRQHandler
 *fill*         0x0000000008001276        0x2 
 .text.wm8994_Init
                0x0000000008001278      0xd78 ./Drivers/BSP/Components/wm8994/wm8994.o
                0x0000000008001278                wm8994_Init
 .text.wm8994_DeInit
                0x0000000008001ff0        0xc ./Drivers/BSP/Components/wm8994/wm8994.o
                0x0000000008001ff0                wm8994_DeInit
 .text.wm8994_ReadID
                0x0000000008001ffc       0x24 ./Drivers/BSP/Components/wm8994/wm8994.o
                0x0000000008001ffc                wm8994_ReadID
 .text.wm8994_Play
                0x0000000008002020       0x30 ./Drivers/BSP/Components/wm8994/wm8994.o
                0x0000000008002020                wm8994_Play
 .text.wm8994_Pause
                0x0000000008002050       0x42 ./Drivers/BSP/Components/wm8994/wm8994.o
                0x0000000008002050                wm8994_Pause
 .text.wm8994_Resume
                0x0000000008002092       0x2a ./Drivers/BSP/Components/wm8994/wm8994.o
                0x0000000008002092                wm8994_Resume
 .text.wm8994_Stop
                0x00000000080020bc       0xdc ./Drivers/BSP/Components/wm8994/wm8994.o
                0x00000000080020bc                wm8994_Stop
 .text.wm8994_SetVolume
                0x0000000008002198      0x248 ./Drivers/BSP/Components/wm8994/wm8994.o
                0x0000000008002198                wm8994_SetVolume
 .text.wm8994_SetMute
                0x00000000080023e0       0x9c ./Drivers/BSP/Components/wm8994/wm8994.o
                0x00000000080023e0                wm8994_SetMute
 .text.wm8994_SetOutputMode
                0x000000000800247c      0x246 ./Drivers/BSP/Components/wm8994/wm8994.o
                0x000000000800247c                wm8994_SetOutputMode
 *fill*         0x00000000080026c2        0x2 
 .text.wm8994_SetFrequency
                0x00000000080026c4      0x1a8 ./Drivers/BSP/Components/wm8994/wm8994.o
                0x00000000080026c4                wm8994_SetFrequency
 .text.wm8994_Reset
                0x000000000800286c       0x40 ./Drivers/BSP/Components/wm8994/wm8994.o
                0x000000000800286c                wm8994_Reset
 .text.CODEC_IO_Write
                0x00000000080028ac       0x2e ./Drivers/BSP/Components/wm8994/wm8994.o
 *fill*         0x00000000080028da        0x2 
 .text.I2Cx_MspInit
                0x00000000080028dc      0x160 ./Drivers/BSP/STM32746G-Discovery/stm32746g_discovery.o
 .text.I2Cx_Init
                0x0000000008002a3c       0x78 ./Drivers/BSP/STM32746G-Discovery/stm32746g_discovery.o
 .text.I2Cx_ReadMultiple
                0x0000000008002ab4       0x5a ./Drivers/BSP/STM32746G-Discovery/stm32746g_discovery.o
 .text.I2Cx_WriteMultiple
                0x0000000008002b0e       0x5a ./Drivers/BSP/STM32746G-Discovery/stm32746g_discovery.o
 .text.I2Cx_Error
                0x0000000008002b68       0x20 ./Drivers/BSP/STM32746G-Discovery/stm32746g_discovery.o
 .text.AUDIO_IO_Init
                0x0000000008002b88       0x14 ./Drivers/BSP/STM32746G-Discovery/stm32746g_discovery.o
                0x0000000008002b88                AUDIO_IO_Init
 .text.AUDIO_IO_DeInit
                0x0000000008002b9c        0xe ./Drivers/BSP/STM32746G-Discovery/stm32746g_discovery.o
                0x0000000008002b9c                AUDIO_IO_DeInit
 *fill*         0x0000000008002baa        0x2 
 .text.AUDIO_IO_Write
                0x0000000008002bac       0x54 ./Drivers/BSP/STM32746G-Discovery/stm32746g_discovery.o
                0x0000000008002bac                AUDIO_IO_Write
 .text.AUDIO_IO_Read
                0x0000000008002c00       0x58 ./Drivers/BSP/STM32746G-Discovery/stm32746g_discovery.o
                0x0000000008002c00                AUDIO_IO_Read
 .text.AUDIO_IO_Delay
                0x0000000008002c58       0x16 ./Drivers/BSP/STM32746G-Discovery/stm32746g_discovery.o
                0x0000000008002c58                AUDIO_IO_Delay
 *fill*         0x0000000008002c6e        0x2 
 .text.BSP_AUDIO_OUT_Init
                0x0000000008002c70       0xa4 ./Drivers/BSP/STM32746G-Discovery/stm32746g_discovery_audio.o
                0x0000000008002c70                BSP_AUDIO_OUT_Init
 .text.BSP_AUDIO_OUT_Play
                0x0000000008002d14       0x54 ./Drivers/BSP/STM32746G-Discovery/stm32746g_discovery_audio.o
                0x0000000008002d14                BSP_AUDIO_OUT_Play
 .text.BSP_AUDIO_OUT_Pause
                0x0000000008002d68       0x2c ./Drivers/BSP/STM32746G-Discovery/stm32746g_discovery_audio.o
                0x0000000008002d68                BSP_AUDIO_OUT_Pause
 .text.BSP_AUDIO_OUT_Resume
                0x0000000008002d94       0x2c ./Drivers/BSP/STM32746G-Discovery/stm32746g_discovery_audio.o
                0x0000000008002d94                BSP_AUDIO_OUT_Resume
 .text.BSP_AUDIO_OUT_Stop
                0x0000000008002dc0       0x44 ./Drivers/BSP/STM32746G-Discovery/stm32746g_discovery_audio.o
                0x0000000008002dc0                BSP_AUDIO_OUT_Stop
 .text.BSP_AUDIO_OUT_SetVolume
                0x0000000008002e04       0x30 ./Drivers/BSP/STM32746G-Discovery/stm32746g_discovery_audio.o
                0x0000000008002e04                BSP_AUDIO_OUT_SetVolume
 .text.BSP_AUDIO_OUT_SetAudioFrameSlot
                0x0000000008002e34       0x40 ./Drivers/BSP/STM32746G-Discovery/stm32746g_discovery_audio.o
                0x0000000008002e34                BSP_AUDIO_OUT_SetAudioFrameSlot
 .text.HAL_SAI_TxCpltCallback
                0x0000000008002e74       0x14 ./Drivers/BSP/STM32746G-Discovery/stm32746g_discovery_audio.o
                0x0000000008002e74                HAL_SAI_TxCpltCallback
 .text.HAL_SAI_TxHalfCpltCallback
                0x0000000008002e88       0x14 ./Drivers/BSP/STM32746G-Discovery/stm32746g_discovery_audio.o
                0x0000000008002e88                HAL_SAI_TxHalfCpltCallback
 .text.HAL_SAI_ErrorCallback
                0x0000000008002e9c       0x4c ./Drivers/BSP/STM32746G-Discovery/stm32746g_discovery_audio.o
                0x0000000008002e9c                HAL_SAI_ErrorCallback
 .text.BSP_AUDIO_OUT_Error_CallBack
                0x0000000008002ee8        0xe ./Drivers/BSP/STM32746G-Discovery/stm32746g_discovery_audio.o
                0x0000000008002ee8                BSP_AUDIO_OUT_Error_CallBack
 *fill*         0x0000000008002ef6        0x2 
 .text.BSP_AUDIO_OUT_MspInit
                0x0000000008002ef8      0x1ac ./Drivers/BSP/STM32746G-Discovery/stm32746g_discovery_audio.o
                0x0000000008002ef8                BSP_AUDIO_OUT_MspInit
 .text.BSP_AUDIO_OUT_ClockConfig
                0x00000000080030a4       0x88 ./Drivers/BSP/STM32746G-Discovery/stm32746g_discovery_audio.o
                0x00000000080030a4                BSP_AUDIO_OUT_ClockConfig
 .text.SAIx_Out_Init
                0x000000000800312c       0xbc ./Drivers/BSP/STM32746G-Discovery/stm32746g_discovery_audio.o
 .text.SAIx_Out_DeInit
                0x00000000080031e8       0x2c ./Drivers/BSP/STM32746G-Discovery/stm32746g_discovery_audio.o
 .text.BSP_AUDIO_IN_Error_CallBack
                0x0000000008003214        0xe ./Drivers/BSP/STM32746G-Discovery/stm32746g_discovery_audio.o
                0x0000000008003214                BSP_AUDIO_IN_Error_CallBack
 *fill*         0x0000000008003222        0x2 
 .text.HAL_Init
                0x0000000008003224       0x38 ./Drivers/STM32F7xx_HAL_Driver/Src/stm32f7xx_hal.o
                0x0000000008003224                HAL_Init
 .text.HAL_InitTick
                0x000000000800325c       0x60 ./Drivers/STM32F7xx_HAL_Driver/Src/stm32f7xx_hal.o
                0x000000000800325c                HAL_InitTick
 .text.HAL_IncTick
                0x00000000080032bc       0x28 ./Drivers/STM32F7xx_HAL_Driver/Src/stm32f7xx_hal.o
                0x00000000080032bc                HAL_IncTick
 .text.HAL_GetTick
                0x00000000080032e4       0x18 ./Drivers/STM32F7xx_HAL_Driver/Src/stm32f7xx_hal.o
                0x00000000080032e4                HAL_GetTick
 .text.HAL_Delay
                0x00000000080032fc       0x48 ./Drivers/STM32F7xx_HAL_Driver/Src/stm32f7xx_hal.o
                0x00000000080032fc                HAL_Delay
 .text.__NVIC_SetPriorityGrouping
                0x0000000008003344       0x48 ./Drivers/STM32F7xx_HAL_Driver/Src/stm32f7xx_hal_cortex.o
 .text.__NVIC_GetPriorityGrouping
                0x000000000800338c       0x1c ./Drivers/STM32F7xx_HAL_Driver/Src/stm32f7xx_hal_cortex.o
 .text.__NVIC_EnableIRQ
                0x00000000080033a8       0x3c ./Drivers/STM32F7xx_HAL_Driver/Src/stm32f7xx_hal_cortex.o
 .text.__NVIC_SetPriority
                0x00000000080033e4       0x54 ./Drivers/STM32F7xx_HAL_Driver/Src/stm32f7xx_hal_cortex.o
 .text.NVIC_EncodePriority
                0x0000000008003438       0x66 ./Drivers/STM32F7xx_HAL_Driver/Src/stm32f7xx_hal_cortex.o
 *fill*         0x000000000800349e        0x2 
 .text.SysTick_Config
                0x00000000080034a0       0x44 ./Drivers/STM32F7xx_HAL_Driver/Src/stm32f7xx_hal_cortex.o
 .text.HAL_NVIC_SetPriorityGrouping
                0x00000000080034e4       0x16 ./Drivers/STM32F7xx_HAL_Driver/Src/stm32f7xx_hal_cortex.o
                0x00000000080034e4                HAL_NVIC_SetPriorityGrouping
 .text.HAL_NVIC_SetPriority
                0x00000000080034fa       0x38 ./Drivers/STM32F7xx_HAL_Driver/Src/stm32f7xx_hal_cortex.o
                0x00000000080034fa                HAL_NVIC_SetPriority
 .text.HAL_NVIC_EnableIRQ
                0x0000000008003532       0x1c ./Drivers/STM32F7xx_HAL_Driver/Src/stm32f7xx_hal_cortex.o
                0x0000000008003532                HAL_NVIC_EnableIRQ
 .text.HAL_SYSTICK_Config
                0x000000000800354e       0x18 ./Drivers/STM32F7xx_HAL_Driver/Src/stm32f7xx_hal_cortex.o
                0x000000000800354e                HAL_SYSTICK_Config
 *fill*         0x0000000008003566        0x2 
 .text.HAL_DMA_Init
                0x0000000008003568      0x15c ./Drivers/STM32F7xx_HAL_Driver/Src/stm32f7xx_hal_dma.o
                0x0000000008003568                HAL_DMA_Init
 .text.HAL_DMA_DeInit
                0x00000000080036c4       0xbc ./Drivers/STM32F7xx_HAL_Driver/Src/stm32f7xx_hal_dma.o
                0x00000000080036c4                HAL_DMA_DeInit
 .text.HAL_DMA_Start_IT
                0x0000000008003780       0xc0 ./Drivers/STM32F7xx_HAL_Driver/Src/stm32f7xx_hal_dma.o
                0x0000000008003780                HAL_DMA_Start_IT
 .text.HAL_DMA_Abort
                0x0000000008003840       0xe0 ./Drivers/STM32F7xx_HAL_Driver/Src/stm32f7xx_hal_dma.o
                0x0000000008003840                HAL_DMA_Abort
 .text.HAL_DMA_IRQHandler
                0x0000000008003920      0x314 ./Drivers/STM32F7xx_HAL_Driver/Src/stm32f7xx_hal_dma.o
                0x0000000008003920                HAL_DMA_IRQHandler
 .text.DMA_SetConfig
                0x0000000008003c34       0x5c ./Drivers/STM32F7xx_HAL_Driver/Src/stm32f7xx_hal_dma.o
 .text.DMA_CalcBaseAndBitshift
                0x0000000008003c90       0x6c ./Drivers/STM32F7xx_HAL_Driver/Src/stm32f7xx_hal_dma.o
 .text.DMA_CheckFifoParam
                0x0000000008003cfc       0xf8 ./Drivers/STM32F7xx_HAL_Driver/Src/stm32f7xx_hal_dma.o
 .text.HAL_GPIO_Init
                0x0000000008003df4      0x358 ./Drivers/STM32F7xx_HAL_Driver/Src/stm32f7xx_hal_gpio.o
                0x0000000008003df4                HAL_GPIO_Init
 .text.HAL_GPIO_DeInit
                0x000000000800414c      0x218 ./Drivers/STM32F7xx_HAL_Driver/Src/stm32f7xx_hal_gpio.o
                0x000000000800414c                HAL_GPIO_DeInit
 .text.HAL_GPIO_WritePin
                0x0000000008004364       0x32 ./Drivers/STM32F7xx_HAL_Driver/Src/stm32f7xx_hal_gpio.o
                0x0000000008004364                HAL_GPIO_WritePin
 *fill*         0x0000000008004396        0x2 
 .text.HAL_GPIO_EXTI_IRQHandler
                0x0000000008004398       0x30 ./Drivers/STM32F7xx_HAL_Driver/Src/stm32f7xx_hal_gpio.o
                0x0000000008004398                HAL_GPIO_EXTI_IRQHandler
 .text.HAL_GPIO_EXTI_Callback
                0x00000000080043c8       0x16 ./Drivers/STM32F7xx_HAL_Driver/Src/stm32f7xx_hal_gpio.o
                0x00000000080043c8                HAL_GPIO_EXTI_Callback
 .text.HAL_HCD_Init
                0x00000000080043de       0xc4 ./Drivers/STM32F7xx_HAL_Driver/Src/stm32f7xx_hal_hcd.o
                0x00000000080043de                HAL_HCD_Init
 .text.HAL_HCD_HC_Init
                0x00000000080044a2      0x11e ./Drivers/STM32F7xx_HAL_Driver/Src/stm32f7xx_hal_hcd.o
                0x00000000080044a2                HAL_HCD_HC_Init
 .text.HAL_HCD_HC_Halt
                0x00000000080045c0       0x46 ./Drivers/STM32F7xx_HAL_Driver/Src/stm32f7xx_hal_hcd.o
                0x00000000080045c0                HAL_HCD_HC_Halt
 *fill*         0x0000000008004606        0x2 
 .text.HAL_HCD_HC_SubmitRequest
                0x0000000008004608      0x2ac ./Drivers/STM32F7xx_HAL_Driver/Src/stm32f7xx_hal_hcd.o
                0x0000000008004608                HAL_HCD_HC_SubmitRequest
 .text.HAL_HCD_IRQHandler
                0x00000000080048b4      0x216 ./Drivers/STM32F7xx_HAL_Driver/Src/stm32f7xx_hal_hcd.o
                0x00000000080048b4                HAL_HCD_IRQHandler
 .text.HAL_HCD_Start
                0x0000000008004aca       0x46 ./Drivers/STM32F7xx_HAL_Driver/Src/stm32f7xx_hal_hcd.o
                0x0000000008004aca                HAL_HCD_Start
 .text.HAL_HCD_Stop
                0x0000000008004b10       0x3a ./Drivers/STM32F7xx_HAL_Driver/Src/stm32f7xx_hal_hcd.o
                0x0000000008004b10                HAL_HCD_Stop
 .text.HAL_HCD_ResetPort
                0x0000000008004b4a       0x1c ./Drivers/STM32F7xx_HAL_Driver/Src/stm32f7xx_hal_hcd.o
                0x0000000008004b4a                HAL_HCD_ResetPort
 .text.HAL_HCD_HC_GetURBState
                0x0000000008004b66       0x28 ./Drivers/STM32F7xx_HAL_Driver/Src/stm32f7xx_hal_hcd.o
                0x0000000008004b66                HAL_HCD_HC_GetURBState
 .text.HAL_HCD_HC_GetXferCount
                0x0000000008004b8e       0x28 ./Drivers/STM32F7xx_HAL_Driver/Src/stm32f7xx_hal_hcd.o
                0x0000000008004b8e                HAL_HCD_HC_GetXferCount
 .text.HAL_HCD_GetCurrentFrame
                0x0000000008004bb6       0x1c ./Drivers/STM32F7xx_HAL_Driver/Src/stm32f7xx_hal_hcd.o
                0x0000000008004bb6                HAL_HCD_GetCurrentFrame
 .text.HAL_HCD_GetCurrentSpeed
                0x0000000008004bd2       0x1c ./Drivers/STM32F7xx_HAL_Driver/Src/stm32f7xx_hal_hcd.o
                0x0000000008004bd2                HAL_HCD_GetCurrentSpeed
 .text.HCD_HC_IN_IRQHandler
                0x0000000008004bee      0x844 ./Drivers/STM32F7xx_HAL_Driver/Src/stm32f7xx_hal_hcd.o
 .text.HCD_HC_OUT_IRQHandler
                0x0000000008005432      0x798 ./Drivers/STM32F7xx_HAL_Driver/Src/stm32f7xx_hal_hcd.o
 .text.HCD_RXQLVL_IRQHandler
                0x0000000008005bca      0x1a4 ./Drivers/STM32F7xx_HAL_Driver/Src/stm32f7xx_hal_hcd.o
 .text.HCD_Port_IRQHandler
                0x0000000008005d6e       0xe6 ./Drivers/STM32F7xx_HAL_Driver/Src/stm32f7xx_hal_hcd.o
 .text.HAL_I2C_Init
                0x0000000008005e54      0x120 ./Drivers/STM32F7xx_HAL_Driver/Src/stm32f7xx_hal_i2c.o
                0x0000000008005e54                HAL_I2C_Init
 .text.HAL_I2C_DeInit
                0x0000000008005f74       0x5e ./Drivers/STM32F7xx_HAL_Driver/Src/stm32f7xx_hal_i2c.o
                0x0000000008005f74                HAL_I2C_DeInit
 *fill*         0x0000000008005fd2        0x2 
 .text.HAL_I2C_Mem_Write
                0x0000000008005fd4      0x228 ./Drivers/STM32F7xx_HAL_Driver/Src/stm32f7xx_hal_i2c.o
                0x0000000008005fd4                HAL_I2C_Mem_Write
 .text.HAL_I2C_Mem_Read
                0x00000000080061fc      0x234 ./Drivers/STM32F7xx_HAL_Driver/Src/stm32f7xx_hal_i2c.o
                0x00000000080061fc                HAL_I2C_Mem_Read
 .text.HAL_I2C_GetState
                0x0000000008006430       0x1c ./Drivers/STM32F7xx_HAL_Driver/Src/stm32f7xx_hal_i2c.o
                0x0000000008006430                HAL_I2C_GetState
 .text.I2C_RequestMemoryWrite
                0x000000000800644c       0xa8 ./Drivers/STM32F7xx_HAL_Driver/Src/stm32f7xx_hal_i2c.o
 .text.I2C_RequestMemoryRead
                0x00000000080064f4       0xa8 ./Drivers/STM32F7xx_HAL_Driver/Src/stm32f7xx_hal_i2c.o
 .text.I2C_Flush_TXDR
                0x000000000800659c       0x48 ./Drivers/STM32F7xx_HAL_Driver/Src/stm32f7xx_hal_i2c.o
 .text.I2C_WaitOnFlagUntilTimeout
                0x00000000080065e4       0x80 ./Drivers/STM32F7xx_HAL_Driver/Src/stm32f7xx_hal_i2c.o
 .text.I2C_WaitOnTXISFlagUntilTimeout
                0x0000000008006664       0x80 ./Drivers/STM32F7xx_HAL_Driver/Src/stm32f7xx_hal_i2c.o
 .text.I2C_WaitOnSTOPFlagUntilTimeout
                0x00000000080066e4       0x78 ./Drivers/STM32F7xx_HAL_Driver/Src/stm32f7xx_hal_i2c.o
 .text.I2C_IsErrorOccurred
                0x000000000800675c      0x1c0 ./Drivers/STM32F7xx_HAL_Driver/Src/stm32f7xx_hal_i2c.o
 .text.I2C_TransferConfig
                0x000000000800691c       0x64 ./Drivers/STM32F7xx_HAL_Driver/Src/stm32f7xx_hal_i2c.o
 .text.HAL_I2CEx_ConfigAnalogFilter
                0x0000000008006980       0x96 ./Drivers/STM32F7xx_HAL_Driver/Src/stm32f7xx_hal_i2c_ex.o
                0x0000000008006980                HAL_I2CEx_ConfigAnalogFilter
 .text.HAL_I2CEx_ConfigDigitalFilter
                0x0000000008006a16       0x98 ./Drivers/STM32F7xx_HAL_Driver/Src/stm32f7xx_hal_i2c_ex.o
                0x0000000008006a16                HAL_I2CEx_ConfigDigitalFilter
 *fill*         0x0000000008006aae        0x2 
 .text.HAL_PWREx_EnableOverDrive
                0x0000000008006ab0       0xa0 ./Drivers/STM32F7xx_HAL_Driver/Src/stm32f7xx_hal_pwr_ex.o
                0x0000000008006ab0                HAL_PWREx_EnableOverDrive
 .text.HAL_RCC_OscConfig
                0x0000000008006b50      0x548 ./Drivers/STM32F7xx_HAL_Driver/Src/stm32f7xx_hal_rcc.o
                0x0000000008006b50                HAL_RCC_OscConfig
 .text.HAL_RCC_ClockConfig
                0x0000000008007098      0x1d8 ./Drivers/STM32F7xx_HAL_Driver/Src/stm32f7xx_hal_rcc.o
                0x0000000008007098                HAL_RCC_ClockConfig
 .text.HAL_RCC_GetSysClockFreq
                0x0000000008007270      0x18c ./Drivers/STM32F7xx_HAL_Driver/Src/stm32f7xx_hal_rcc.o
                0x0000000008007270                HAL_RCC_GetSysClockFreq
 .text.HAL_RCCEx_PeriphCLKConfig
                0x00000000080073fc      0x7e0 ./Drivers/STM32F7xx_HAL_Driver/Src/stm32f7xx_hal_rcc_ex.o
                0x00000000080073fc                HAL_RCCEx_PeriphCLKConfig
 .text.HAL_RCCEx_GetPeriphCLKConfig
                0x0000000008007bdc      0x218 ./Drivers/STM32F7xx_HAL_Driver/Src/stm32f7xx_hal_rcc_ex.o
                0x0000000008007bdc                HAL_RCCEx_GetPeriphCLKConfig
 .text.HAL_RCCEx_GetPeriphCLKFreq
                0x0000000008007df4      0x280 ./Drivers/STM32F7xx_HAL_Driver/Src/stm32f7xx_hal_rcc_ex.o
                0x0000000008007df4                HAL_RCCEx_GetPeriphCLKFreq
 .text.HAL_SAI_Init
                0x0000000008008074      0x2fc ./Drivers/STM32F7xx_HAL_Driver/Src/stm32f7xx_hal_sai.o
                0x0000000008008074                HAL_SAI_Init
 .text.HAL_SAI_DeInit
                0x0000000008008370       0x6a ./Drivers/STM32F7xx_HAL_Driver/Src/stm32f7xx_hal_sai.o
                0x0000000008008370                HAL_SAI_DeInit
 .text.HAL_SAI_DMAPause
                0x00000000080083da       0x44 ./Drivers/STM32F7xx_HAL_Driver/Src/stm32f7xx_hal_sai.o
                0x00000000080083da                HAL_SAI_DMAPause
 .text.HAL_SAI_DMAResume
                0x000000000800841e       0x62 ./Drivers/STM32F7xx_HAL_Driver/Src/stm32f7xx_hal_sai.o
                0x000000000800841e                HAL_SAI_DMAResume
 .text.HAL_SAI_DMAStop
                0x0000000008008480       0xe6 ./Drivers/STM32F7xx_HAL_Driver/Src/stm32f7xx_hal_sai.o
                0x0000000008008480                HAL_SAI_DMAStop
 *fill*         0x0000000008008566        0x2 
 .text.HAL_SAI_Transmit_DMA
                0x0000000008008568      0x160 ./Drivers/STM32F7xx_HAL_Driver/Src/stm32f7xx_hal_sai.o
                0x0000000008008568                HAL_SAI_Transmit_DMA
 .text.HAL_SAI_GetState
                0x00000000080086c8       0x1c ./Drivers/STM32F7xx_HAL_Driver/Src/stm32f7xx_hal_sai.o
                0x00000000080086c8                HAL_SAI_GetState
 .text.SAI_InterruptFlag
                0x00000000080086e4       0x6c ./Drivers/STM32F7xx_HAL_Driver/Src/stm32f7xx_hal_sai.o
 .text.SAI_Disable
                0x0000000008008750       0x70 ./Drivers/STM32F7xx_HAL_Driver/Src/stm32f7xx_hal_sai.o
 .text.SAI_DMATxCplt
                0x00000000080087c0       0x60 ./Drivers/STM32F7xx_HAL_Driver/Src/stm32f7xx_hal_sai.o
 .text.SAI_DMATxHalfCplt
                0x0000000008008820       0x1c ./Drivers/STM32F7xx_HAL_Driver/Src/stm32f7xx_hal_sai.o
 .text.SAI_DMAError
                0x000000000800883c       0x66 ./Drivers/STM32F7xx_HAL_Driver/Src/stm32f7xx_hal_sai.o
 *fill*         0x00000000080088a2        0x2 
 .text.USB_CoreInit
                0x00000000080088a4       0xb0 ./Drivers/STM32F7xx_HAL_Driver/Src/stm32f7xx_ll_usb.o
                0x00000000080088a4                USB_CoreInit
 .text.USB_EnableGlobalInt
                0x0000000008008954       0x22 ./Drivers/STM32F7xx_HAL_Driver/Src/stm32f7xx_ll_usb.o
                0x0000000008008954                USB_EnableGlobalInt
 .text.USB_DisableGlobalInt
                0x0000000008008976       0x22 ./Drivers/STM32F7xx_HAL_Driver/Src/stm32f7xx_ll_usb.o
                0x0000000008008976                USB_DisableGlobalInt
 .text.USB_SetCurrentMode
                0x0000000008008998       0x98 ./Drivers/STM32F7xx_HAL_Driver/Src/stm32f7xx_ll_usb.o
                0x0000000008008998                USB_SetCurrentMode
 .text.USB_FlushTxFifo
                0x0000000008008a30       0x68 ./Drivers/STM32F7xx_HAL_Driver/Src/stm32f7xx_ll_usb.o
                0x0000000008008a30                USB_FlushTxFifo
 .text.USB_FlushRxFifo
                0x0000000008008a98       0x60 ./Drivers/STM32F7xx_HAL_Driver/Src/stm32f7xx_ll_usb.o
                0x0000000008008a98                USB_FlushRxFifo
 .text.USB_WritePacket
                0x0000000008008af8       0x7c ./Drivers/STM32F7xx_HAL_Driver/Src/stm32f7xx_ll_usb.o
                0x0000000008008af8                USB_WritePacket
 .text.USB_ReadPacket
                0x0000000008008b74       0xb0 ./Drivers/STM32F7xx_HAL_Driver/Src/stm32f7xx_ll_usb.o
                0x0000000008008b74                USB_ReadPacket
 .text.USB_ReadInterrupts
                0x0000000008008c24       0x26 ./Drivers/STM32F7xx_HAL_Driver/Src/stm32f7xx_ll_usb.o
                0x0000000008008c24                USB_ReadInterrupts
 .text.USB_ReadChInterrupts
                0x0000000008008c4a       0x42 ./Drivers/STM32F7xx_HAL_Driver/Src/stm32f7xx_ll_usb.o
                0x0000000008008c4a                USB_ReadChInterrupts
 .text.USB_GetMode
                0x0000000008008c8c       0x1c ./Drivers/STM32F7xx_HAL_Driver/Src/stm32f7xx_ll_usb.o
                0x0000000008008c8c                USB_GetMode
 .text.USB_CoreReset
                0x0000000008008ca8       0x68 ./Drivers/STM32F7xx_HAL_Driver/Src/stm32f7xx_ll_usb.o
 .text.USB_HostInit
                0x0000000008008d10      0x168 ./Drivers/STM32F7xx_HAL_Driver/Src/stm32f7xx_ll_usb.o
                0x0000000008008d10                USB_HostInit
 .text.USB_InitFSLSPClkSel
                0x0000000008008e78       0x74 ./Drivers/STM32F7xx_HAL_Driver/Src/stm32f7xx_ll_usb.o
                0x0000000008008e78                USB_InitFSLSPClkSel
 .text.USB_ResetPort
                0x0000000008008eec       0x54 ./Drivers/STM32F7xx_HAL_Driver/Src/stm32f7xx_ll_usb.o
                0x0000000008008eec                USB_ResetPort
 .text.USB_DriveVbus
                0x0000000008008f40       0x72 ./Drivers/STM32F7xx_HAL_Driver/Src/stm32f7xx_ll_usb.o
                0x0000000008008f40                USB_DriveVbus
 .text.USB_GetHostSpeed
                0x0000000008008fb2       0x2e ./Drivers/STM32F7xx_HAL_Driver/Src/stm32f7xx_ll_usb.o
                0x0000000008008fb2                USB_GetHostSpeed
 .text.USB_GetCurrentFrame
                0x0000000008008fe0       0x22 ./Drivers/STM32F7xx_HAL_Driver/Src/stm32f7xx_ll_usb.o
                0x0000000008008fe0                USB_GetCurrentFrame
 *fill*         0x0000000008009002        0x2 
 .text.USB_HC_Init
                0x0000000008009004      0x244 ./Drivers/STM32F7xx_HAL_Driver/Src/stm32f7xx_ll_usb.o
                0x0000000008009004                USB_HC_Init
 .text.USB_HC_StartXfer
                0x0000000008009248      0x284 ./Drivers/STM32F7xx_HAL_Driver/Src/stm32f7xx_ll_usb.o
                0x0000000008009248                USB_HC_StartXfer
 .text.USB_HC_ReadInterrupt
                0x00000000080094cc       0x22 ./Drivers/STM32F7xx_HAL_Driver/Src/stm32f7xx_ll_usb.o
                0x00000000080094cc                USB_HC_ReadInterrupt
 .text.USB_HC_Halt
                0x00000000080094ee      0x1f8 ./Drivers/STM32F7xx_HAL_Driver/Src/stm32f7xx_ll_usb.o
                0x00000000080094ee                USB_HC_Halt
 *fill*         0x00000000080096e6        0x2 
 .text.USB_DoPing
                0x00000000080096e8       0x78 ./Drivers/STM32F7xx_HAL_Driver/Src/stm32f7xx_ll_usb.o
                0x00000000080096e8                USB_DoPing
 .text.USB_StopHost
                0x0000000008009760      0x124 ./Drivers/STM32F7xx_HAL_Driver/Src/stm32f7xx_ll_usb.o
                0x0000000008009760                USB_StopHost
 .text.MX_FATFS_Init
                0x0000000008009884       0x24 ./FATFS/App/fatfs.o
                0x0000000008009884                MX_FATFS_Init
 .text.get_fattime
                0x00000000080098a8       0x10 ./FATFS/App/fatfs.o
                0x00000000080098a8                get_fattime
 .text.USBH_initialize
                0x00000000080098b8       0x18 ./FATFS/Target/usbh_diskio.o
                0x00000000080098b8                USBH_initialize
 .text.USBH_status
                0x00000000080098d0       0x38 ./FATFS/Target/usbh_diskio.o
                0x00000000080098d0                USBH_status
 .text.USBH_read
                0x0000000008009908       0x74 ./FATFS/Target/usbh_diskio.o
                0x0000000008009908                USBH_read
 .text.USBH_write
                0x000000000800997c       0x84 ./FATFS/Target/usbh_diskio.o
                0x000000000800997c                USBH_write
 .text.USBH_ioctl
                0x0000000008009a00       0xd8 ./FATFS/Target/usbh_diskio.o
                0x0000000008009a00                USBH_ioctl
 .text.USBH_MSC_InterfaceInit
                0x0000000008009ad8      0x244 ./Middlewares/ST/STM32_USB_Host_Library/Class/MSC/Src/usbh_msc.o
 .text.USBH_MSC_InterfaceDeInit
                0x0000000008009d1c       0x8c ./Middlewares/ST/STM32_USB_Host_Library/Class/MSC/Src/usbh_msc.o
 .text.USBH_MSC_ClassRequest
                0x0000000008009da8       0xce ./Middlewares/ST/STM32_USB_Host_Library/Class/MSC/Src/usbh_msc.o
 *fill*         0x0000000008009e76        0x2 
 .text.USBH_MSC_Process
                0x0000000008009e78      0x5b0 ./Middlewares/ST/STM32_USB_Host_Library/Class/MSC/Src/usbh_msc.o
 .text.USBH_MSC_SOFProcess
                0x000000000800a428       0x16 ./Middlewares/ST/STM32_USB_Host_Library/Class/MSC/Src/usbh_msc.o
 .text.USBH_MSC_RdWrProcess
                0x000000000800a43e      0x1a0 ./Middlewares/ST/STM32_USB_Host_Library/Class/MSC/Src/usbh_msc.o
 .text.USBH_MSC_IsReady
                0x000000000800a5de       0x3c ./Middlewares/ST/STM32_USB_Host_Library/Class/MSC/Src/usbh_msc.o
                0x000000000800a5de                USBH_MSC_IsReady
 .text.USBH_MSC_UnitIsReady
                0x000000000800a61a       0x56 ./Middlewares/ST/STM32_USB_Host_Library/Class/MSC/Src/usbh_msc.o
                0x000000000800a61a                USBH_MSC_UnitIsReady
 .text.USBH_MSC_GetLUNInfo
                0x000000000800a670       0x52 ./Middlewares/ST/STM32_USB_Host_Library/Class/MSC/Src/usbh_msc.o
                0x000000000800a670                USBH_MSC_GetLUNInfo
 .text.USBH_MSC_Read
                0x000000000800a6c2       0xc0 ./Middlewares/ST/STM32_USB_Host_Library/Class/MSC/Src/usbh_msc.o
                0x000000000800a6c2                USBH_MSC_Read
 .text.USBH_MSC_Write
                0x000000000800a782       0xc0 ./Middlewares/ST/STM32_USB_Host_Library/Class/MSC/Src/usbh_msc.o
                0x000000000800a782                USBH_MSC_Write
 .text.USBH_MSC_BOT_REQ_Reset
                0x000000000800a842       0x3a ./Middlewares/ST/STM32_USB_Host_Library/Class/MSC/Src/usbh_msc_bot.o
                0x000000000800a842                USBH_MSC_BOT_REQ_Reset
 .text.USBH_MSC_BOT_REQ_GetMaxLUN
                0x000000000800a87c       0x3c ./Middlewares/ST/STM32_USB_Host_Library/Class/MSC/Src/usbh_msc_bot.o
                0x000000000800a87c                USBH_MSC_BOT_REQ_GetMaxLUN
 .text.USBH_MSC_BOT_Init
                0x000000000800a8b8       0x44 ./Middlewares/ST/STM32_USB_Host_Library/Class/MSC/Src/usbh_msc_bot.o
                0x000000000800a8b8                USBH_MSC_BOT_Init
 .text.USBH_MSC_BOT_Process
                0x000000000800a8fc      0x39c ./Middlewares/ST/STM32_USB_Host_Library/Class/MSC/Src/usbh_msc_bot.o
                0x000000000800a8fc                USBH_MSC_BOT_Process
 .text.USBH_MSC_BOT_Abort
                0x000000000800ac98       0x58 ./Middlewares/ST/STM32_USB_Host_Library/Class/MSC/Src/usbh_msc_bot.o
 .text.USBH_MSC_DecodeCSW
                0x000000000800acf0       0x88 ./Middlewares/ST/STM32_USB_Host_Library/Class/MSC/Src/usbh_msc_bot.o
 .text.USBH_MSC_SCSI_TestUnitReady
                0x000000000800ad78       0x86 ./Middlewares/ST/STM32_USB_Host_Library/Class/MSC/Src/usbh_msc_scsi.o
                0x000000000800ad78                USBH_MSC_SCSI_TestUnitReady
 .text.USBH_MSC_SCSI_ReadCapacity
                0x000000000800adfe       0xf6 ./Middlewares/ST/STM32_USB_Host_Library/Class/MSC/Src/usbh_msc_scsi.o
                0x000000000800adfe                USBH_MSC_SCSI_ReadCapacity
 .text.USBH_MSC_SCSI_Inquiry
                0x000000000800aef4      0x14a ./Middlewares/ST/STM32_USB_Host_Library/Class/MSC/Src/usbh_msc_scsi.o
                0x000000000800aef4                USBH_MSC_SCSI_Inquiry
 .text.USBH_MSC_SCSI_RequestSense
                0x000000000800b03e       0xfe ./Middlewares/ST/STM32_USB_Host_Library/Class/MSC/Src/usbh_msc_scsi.o
                0x000000000800b03e                USBH_MSC_SCSI_RequestSense
 .text.USBH_MSC_SCSI_Write
                0x000000000800b13c       0xe0 ./Middlewares/ST/STM32_USB_Host_Library/Class/MSC/Src/usbh_msc_scsi.o
                0x000000000800b13c                USBH_MSC_SCSI_Write
 .text.USBH_MSC_SCSI_Read
                0x000000000800b21c       0xe0 ./Middlewares/ST/STM32_USB_Host_Library/Class/MSC/Src/usbh_msc_scsi.o
                0x000000000800b21c                USBH_MSC_SCSI_Read
 .text.USBH_Init
                0x000000000800b2fc       0x74 ./Middlewares/ST/STM32_USB_Host_Library/Core/Src/usbh_core.o
                0x000000000800b2fc                USBH_Init
 .text.DeInitStateMachine
                0x000000000800b370       0xe6 ./Middlewares/ST/STM32_USB_Host_Library/Core/Src/usbh_core.o
 .text.USBH_RegisterClass
                0x000000000800b456       0x54 ./Middlewares/ST/STM32_USB_Host_Library/Core/Src/usbh_core.o
                0x000000000800b456                USBH_RegisterClass
 .text.USBH_SelectInterface
                0x000000000800b4aa       0x38 ./Middlewares/ST/STM32_USB_Host_Library/Core/Src/usbh_core.o
                0x000000000800b4aa                USBH_SelectInterface
 .text.USBH_FindInterface
                0x000000000800b4e2       0x8c ./Middlewares/ST/STM32_USB_Host_Library/Core/Src/usbh_core.o
                0x000000000800b4e2                USBH_FindInterface
 .text.USBH_Start
                0x000000000800b56e       0x20 ./Middlewares/ST/STM32_USB_Host_Library/Core/Src/usbh_core.o
                0x000000000800b56e                USBH_Start
 *fill*         0x000000000800b58e        0x2 
 .text.USBH_Process
                0x000000000800b590      0x3d8 ./Middlewares/ST/STM32_USB_Host_Library/Core/Src/usbh_core.o
                0x000000000800b590                USBH_Process
 .text.USBH_HandleEnum
                0x000000000800b968      0x3c8 ./Middlewares/ST/STM32_USB_Host_Library/Core/Src/usbh_core.o
 .text.USBH_LL_SetTimer
                0x000000000800bd30       0x1e ./Middlewares/ST/STM32_USB_Host_Library/Core/Src/usbh_core.o
                0x000000000800bd30                USBH_LL_SetTimer
 .text.USBH_LL_IncTimer
                0x000000000800bd4e       0x24 ./Middlewares/ST/STM32_USB_Host_Library/Core/Src/usbh_core.o
                0x000000000800bd4e                USBH_LL_IncTimer
 .text.USBH_HandleSof
                0x000000000800bd72       0x30 ./Middlewares/ST/STM32_USB_Host_Library/Core/Src/usbh_core.o
 .text.USBH_LL_PortEnabled
                0x000000000800bda2       0x1c ./Middlewares/ST/STM32_USB_Host_Library/Core/Src/usbh_core.o
                0x000000000800bda2                USBH_LL_PortEnabled
 .text.USBH_LL_PortDisabled
                0x000000000800bdbe       0x1c ./Middlewares/ST/STM32_USB_Host_Library/Core/Src/usbh_core.o
                0x000000000800bdbe                USBH_LL_PortDisabled
 .text.USBH_LL_Connect
                0x000000000800bdda       0x2e ./Middlewares/ST/STM32_USB_Host_Library/Core/Src/usbh_core.o
                0x000000000800bdda                USBH_LL_Connect
 .text.USBH_LL_Disconnect
                0x000000000800be08       0x48 ./Middlewares/ST/STM32_USB_Host_Library/Core/Src/usbh_core.o
                0x000000000800be08                USBH_LL_Disconnect
 .text.USBH_Get_DevDesc
                0x000000000800be50       0x58 ./Middlewares/ST/STM32_USB_Host_Library/Core/Src/usbh_ctlreq.o
                0x000000000800be50                USBH_Get_DevDesc
 .text.USBH_Get_CfgDesc
                0x000000000800bea8       0x54 ./Middlewares/ST/STM32_USB_Host_Library/Core/Src/usbh_ctlreq.o
                0x000000000800bea8                USBH_Get_CfgDesc
 .text.USBH_Get_StringDesc
                0x000000000800befc       0x68 ./Middlewares/ST/STM32_USB_Host_Library/Core/Src/usbh_ctlreq.o
                0x000000000800befc                USBH_Get_StringDesc
 .text.USBH_GetDescriptor
                0x000000000800bf64       0x6a ./Middlewares/ST/STM32_USB_Host_Library/Core/Src/usbh_ctlreq.o
                0x000000000800bf64                USBH_GetDescriptor
 .text.USBH_SetAddress
                0x000000000800bfce       0x48 ./Middlewares/ST/STM32_USB_Host_Library/Core/Src/usbh_ctlreq.o
                0x000000000800bfce                USBH_SetAddress
 .text.USBH_SetCfg
                0x000000000800c016       0x46 ./Middlewares/ST/STM32_USB_Host_Library/Core/Src/usbh_ctlreq.o
                0x000000000800c016                USBH_SetCfg
 .text.USBH_SetFeature
                0x000000000800c05c       0x48 ./Middlewares/ST/STM32_USB_Host_Library/Core/Src/usbh_ctlreq.o
                0x000000000800c05c                USBH_SetFeature
 .text.USBH_ClrFeature
                0x000000000800c0a4       0x48 ./Middlewares/ST/STM32_USB_Host_Library/Core/Src/usbh_ctlreq.o
                0x000000000800c0a4                USBH_ClrFeature
 .text.USBH_ParseDevDesc
                0x000000000800c0ec      0x168 ./Middlewares/ST/STM32_USB_Host_Library/Core/Src/usbh_ctlreq.o
 .text.USBH_ParseCfgDesc
                0x000000000800c254      0x1f2 ./Middlewares/ST/STM32_USB_Host_Library/Core/Src/usbh_ctlreq.o
 .text.USBH_ParseInterfaceDesc
                0x000000000800c446       0x68 ./Middlewares/ST/STM32_USB_Host_Library/Core/Src/usbh_ctlreq.o
 .text.USBH_ParseEPDesc
                0x000000000800c4ae      0x1d2 ./Middlewares/ST/STM32_USB_Host_Library/Core/Src/usbh_ctlreq.o
 .text.USBH_ParseStringDesc
                0x000000000800c680       0x66 ./Middlewares/ST/STM32_USB_Host_Library/Core/Src/usbh_ctlreq.o
 .text.USBH_GetNextDesc
                0x000000000800c6e6       0x36 ./Middlewares/ST/STM32_USB_Host_Library/Core/Src/usbh_ctlreq.o
                0x000000000800c6e6                USBH_GetNextDesc
 .text.USBH_CtlReq
                0x000000000800c71c       0x7a ./Middlewares/ST/STM32_USB_Host_Library/Core/Src/usbh_ctlreq.o
                0x000000000800c71c                USBH_CtlReq
 *fill*         0x000000000800c796        0x2 
 .text.USBH_HandleControl
                0x000000000800c798      0x2e8 ./Middlewares/ST/STM32_USB_Host_Library/Core/Src/usbh_ctlreq.o
 .text.USBH_CtlSendSetup
                0x000000000800ca80       0x34 ./Middlewares/ST/STM32_USB_Host_Library/Core/Src/usbh_ioreq.o
                0x000000000800ca80                USBH_CtlSendSetup
 .text.USBH_CtlSendData
                0x000000000800cab4       0x4a ./Middlewares/ST/STM32_USB_Host_Library/Core/Src/usbh_ioreq.o
                0x000000000800cab4                USBH_CtlSendData
 .text.USBH_CtlReceiveData
                0x000000000800cafe       0x3c ./Middlewares/ST/STM32_USB_Host_Library/Core/Src/usbh_ioreq.o
                0x000000000800cafe                USBH_CtlReceiveData
 .text.USBH_BulkSendData
                0x000000000800cb3a       0x4a ./Middlewares/ST/STM32_USB_Host_Library/Core/Src/usbh_ioreq.o
                0x000000000800cb3a                USBH_BulkSendData
 .text.USBH_BulkReceiveData
                0x000000000800cb84       0x3c ./Middlewares/ST/STM32_USB_Host_Library/Core/Src/usbh_ioreq.o
                0x000000000800cb84                USBH_BulkReceiveData
 .text.USBH_OpenPipe
                0x000000000800cbc0       0x3e ./Middlewares/ST/STM32_USB_Host_Library/Core/Src/usbh_pipes.o
                0x000000000800cbc0                USBH_OpenPipe
 .text.USBH_ClosePipe
                0x000000000800cbfe       0x20 ./Middlewares/ST/STM32_USB_Host_Library/Core/Src/usbh_pipes.o
                0x000000000800cbfe                USBH_ClosePipe
 .text.USBH_AllocPipe
                0x000000000800cc1e       0x42 ./Middlewares/ST/STM32_USB_Host_Library/Core/Src/usbh_pipes.o
                0x000000000800cc1e                USBH_AllocPipe
 .text.USBH_FreePipe
                0x000000000800cc60       0x3c ./Middlewares/ST/STM32_USB_Host_Library/Core/Src/usbh_pipes.o
                0x000000000800cc60                USBH_FreePipe
 .text.USBH_GetFreePipe
                0x000000000800cc9c       0x48 ./Middlewares/ST/STM32_USB_Host_Library/Core/Src/usbh_pipes.o
 .text.disk_status
                0x000000000800cce4       0x34 ./Middlewares/Third_Party/FatFs/src/diskio.o
                0x000000000800cce4                disk_status
 .text.disk_initialize
                0x000000000800cd18       0x4c ./Middlewares/Third_Party/FatFs/src/diskio.o
                0x000000000800cd18                disk_initialize
 .text.disk_read
                0x000000000800cd64       0x40 ./Middlewares/Third_Party/FatFs/src/diskio.o
                0x000000000800cd64                disk_read
 .text.disk_write
                0x000000000800cda4       0x40 ./Middlewares/Third_Party/FatFs/src/diskio.o
                0x000000000800cda4                disk_write
 .text.disk_ioctl
                0x000000000800cde4       0x3c ./Middlewares/Third_Party/FatFs/src/diskio.o
                0x000000000800cde4                disk_ioctl
 .text.ld_word  0x000000000800ce20       0x30 ./Middlewares/Third_Party/FatFs/src/ff.o
 .text.ld_dword
                0x000000000800ce50       0x46 ./Middlewares/Third_Party/FatFs/src/ff.o
 .text.st_word  0x000000000800ce96       0x36 ./Middlewares/Third_Party/FatFs/src/ff.o
 .text.st_dword
                0x000000000800cecc       0x58 ./Middlewares/Third_Party/FatFs/src/ff.o
 .text.mem_cpy  0x000000000800cf24       0x42 ./Middlewares/Third_Party/FatFs/src/ff.o
 .text.mem_set  0x000000000800cf66       0x36 ./Middlewares/Third_Party/FatFs/src/ff.o
 .text.mem_cmp  0x000000000800cf9c       0x4e ./Middlewares/Third_Party/FatFs/src/ff.o
 .text.chk_chr  0x000000000800cfea       0x36 ./Middlewares/Third_Party/FatFs/src/ff.o
 .text.chk_lock
                0x000000000800d020       0xb8 ./Middlewares/Third_Party/FatFs/src/ff.o
 .text.enq_lock
                0x000000000800d0d8       0x44 ./Middlewares/Third_Party/FatFs/src/ff.o
 .text.inc_lock
                0x000000000800d11c      0x11c ./Middlewares/Third_Party/FatFs/src/ff.o
 .text.dec_lock
                0x000000000800d238       0x78 ./Middlewares/Third_Party/FatFs/src/ff.o
 .text.clear_lock
                0x000000000800d2b0       0x48 ./Middlewares/Third_Party/FatFs/src/ff.o
 .text.sync_window
                0x000000000800d2f8       0x88 ./Middlewares/Third_Party/FatFs/src/ff.o
 .text.move_window
                0x000000000800d380       0x5a ./Middlewares/Third_Party/FatFs/src/ff.o
 *fill*         0x000000000800d3da        0x2 
 .text.sync_fs  0x000000000800d3dc       0xdc ./Middlewares/Third_Party/FatFs/src/ff.o
 .text.clust2sect
                0x000000000800d4b8       0x3e ./Middlewares/Third_Party/FatFs/src/ff.o
 .text.get_fat  0x000000000800d4f6      0x150 ./Middlewares/Third_Party/FatFs/src/ff.o
 .text.put_fat  0x000000000800d646      0x1d4 ./Middlewares/Third_Party/FatFs/src/ff.o
 .text.remove_chain
                0x000000000800d81a       0xca ./Middlewares/Third_Party/FatFs/src/ff.o
 .text.create_chain
                0x000000000800d8e4      0x130 ./Middlewares/Third_Party/FatFs/src/ff.o
 .text.clmt_clust
                0x000000000800da14       0x68 ./Middlewares/Third_Party/FatFs/src/ff.o
 .text.dir_sdi  0x000000000800da7c       0xf6 ./Middlewares/Third_Party/FatFs/src/ff.o
 .text.dir_next
                0x000000000800db72      0x18a ./Middlewares/Third_Party/FatFs/src/ff.o
 .text.dir_alloc
                0x000000000800dcfc       0x8e ./Middlewares/Third_Party/FatFs/src/ff.o
 .text.ld_clust
                0x000000000800dd8a       0x3e ./Middlewares/Third_Party/FatFs/src/ff.o
 .text.st_clust
                0x000000000800ddc8       0x40 ./Middlewares/Third_Party/FatFs/src/ff.o
 .text.cmp_lfn  0x000000000800de08       0xe0 ./Middlewares/Third_Party/FatFs/src/ff.o
 .text.pick_lfn
                0x000000000800dee8       0xc8 ./Middlewares/Third_Party/FatFs/src/ff.o
 .text.put_lfn  0x000000000800dfb0       0xd0 ./Middlewares/Third_Party/FatFs/src/ff.o
 .text.gen_numname
                0x000000000800e080      0x11c ./Middlewares/Third_Party/FatFs/src/ff.o
 .text.sum_sfn  0x000000000800e19c       0x42 ./Middlewares/Third_Party/FatFs/src/ff.o
 .text.dir_read
                0x000000000800e1de      0x14e ./Middlewares/Third_Party/FatFs/src/ff.o
 .text.dir_find
                0x000000000800e32c      0x180 ./Middlewares/Third_Party/FatFs/src/ff.o
 .text.dir_register
                0x000000000800e4ac      0x1f0 ./Middlewares/Third_Party/FatFs/src/ff.o
 .text.get_fileinfo
                0x000000000800e69c      0x1ba ./Middlewares/Third_Party/FatFs/src/ff.o
 *fill*         0x000000000800e856        0x2 
 .text.create_name
                0x000000000800e858      0x370 ./Middlewares/Third_Party/FatFs/src/ff.o
 .text.follow_path
                0x000000000800ebc8       0xe2 ./Middlewares/Third_Party/FatFs/src/ff.o
 .text.get_ldnumber
                0x000000000800ecaa       0x88 ./Middlewares/Third_Party/FatFs/src/ff.o
 *fill*         0x000000000800ed32        0x2 
 .text.check_fs
                0x000000000800ed34       0xac ./Middlewares/Third_Party/FatFs/src/ff.o
 .text.find_volume
                0x000000000800ede0      0x4a0 ./Middlewares/Third_Party/FatFs/src/ff.o
 .text.validate
                0x000000000800f280       0x6a ./Middlewares/Third_Party/FatFs/src/ff.o
 *fill*         0x000000000800f2ea        0x2 
 .text.f_mount  0x000000000800f2ec       0x8c ./Middlewares/Third_Party/FatFs/src/ff.o
                0x000000000800f2ec                f_mount
 .text.f_open   0x000000000800f378      0x37c ./Middlewares/Third_Party/FatFs/src/ff.o
                0x000000000800f378                f_open
 .text.f_read   0x000000000800f6f4      0x27e ./Middlewares/Third_Party/FatFs/src/ff.o
                0x000000000800f6f4                f_read
 .text.f_sync   0x000000000800f972       0xfc ./Middlewares/Third_Party/FatFs/src/ff.o
                0x000000000800f972                f_sync
 .text.f_close  0x000000000800fa6e       0x54 ./Middlewares/Third_Party/FatFs/src/ff.o
                0x000000000800fa6e                f_close
 .text.f_lseek  0x000000000800fac2      0x412 ./Middlewares/Third_Party/FatFs/src/ff.o
                0x000000000800fac2                f_lseek
 .text.f_opendir
                0x000000000800fed4       0xe6 ./Middlewares/Third_Party/FatFs/src/ff.o
                0x000000000800fed4                f_opendir
 .text.f_closedir
                0x000000000800ffba       0x4c ./Middlewares/Third_Party/FatFs/src/ff.o
                0x000000000800ffba                f_closedir
 .text.f_readdir
                0x0000000008010006       0x7a ./Middlewares/Third_Party/FatFs/src/ff.o
                0x0000000008010006                f_readdir
 .text.FATFS_LinkDriverEx
                0x0000000008010080       0x98 ./Middlewares/Third_Party/FatFs/src/ff_gen_drv.o
                0x0000000008010080                FATFS_LinkDriverEx
 .text.FATFS_LinkDriver
                0x0000000008010118       0x1e ./Middlewares/Third_Party/FatFs/src/ff_gen_drv.o
                0x0000000008010118                FATFS_LinkDriver
 *fill*         0x0000000008010136        0x2 
 .text.ff_convert
                0x0000000008010138       0x78 ./Middlewares/Third_Party/FatFs/src/option/ccsbcs.o
                0x0000000008010138                ff_convert
 .text.ff_wtoupper
                0x00000000080101b0      0x114 ./Middlewares/Third_Party/FatFs/src/option/ccsbcs.o
                0x00000000080101b0                ff_wtoupper
 .text.MX_USB_HOST_Init
                0x00000000080102c4       0x4c ./USB_HOST/App/usb_host.o
                0x00000000080102c4                MX_USB_HOST_Init
 .text.MX_USB_HOST_Process
                0x0000000008010310       0x14 ./USB_HOST/App/usb_host.o
                0x0000000008010310                MX_USB_HOST_Process
 .text.USBH_UserProcess
                0x0000000008010324       0x5c ./USB_HOST/App/usb_host.o
 .text.HAL_HCD_MspInit
                0x0000000008010380       0xc8 ./USB_HOST/Target/usbh_conf.o
                0x0000000008010380                HAL_HCD_MspInit
 .text.HAL_HCD_SOF_Callback
                0x0000000008010448       0x1c ./USB_HOST/Target/usbh_conf.o
                0x0000000008010448                HAL_HCD_SOF_Callback
 .text.HAL_HCD_Connect_Callback
                0x0000000008010464       0x1c ./USB_HOST/Target/usbh_conf.o
                0x0000000008010464                HAL_HCD_Connect_Callback
 .text.HAL_HCD_Disconnect_Callback
                0x0000000008010480       0x1c ./USB_HOST/Target/usbh_conf.o
                0x0000000008010480                HAL_HCD_Disconnect_Callback
 .text.HAL_HCD_HC_NotifyURBChange_Callback
                0x000000000801049c       0x1c ./USB_HOST/Target/usbh_conf.o
                0x000000000801049c                HAL_HCD_HC_NotifyURBChange_Callback
 .text.HAL_HCD_PortEnabled_Callback
                0x00000000080104b8       0x1c ./USB_HOST/Target/usbh_conf.o
                0x00000000080104b8                HAL_HCD_PortEnabled_Callback
 .text.HAL_HCD_PortDisabled_Callback
                0x00000000080104d4       0x1c ./USB_HOST/Target/usbh_conf.o
                0x00000000080104d4                HAL_HCD_PortDisabled_Callback
 .text.USBH_LL_Init
                0x00000000080104f0       0x78 ./USB_HOST/Target/usbh_conf.o
                0x00000000080104f0                USBH_LL_Init
 .text.USBH_LL_Start
                0x0000000008010568       0x36 ./USB_HOST/Target/usbh_conf.o
                0x0000000008010568                USBH_LL_Start
 .text.USBH_LL_Stop
                0x000000000801059e       0x36 ./USB_HOST/Target/usbh_conf.o
                0x000000000801059e                USBH_LL_Stop
 .text.USBH_LL_GetSpeed
                0x00000000080105d4       0x4e ./USB_HOST/Target/usbh_conf.o
                0x00000000080105d4                USBH_LL_GetSpeed
 .text.USBH_LL_ResetPort
                0x0000000008010622       0x36 ./USB_HOST/Target/usbh_conf.o
                0x0000000008010622                USBH_LL_ResetPort
 .text.USBH_LL_GetLastXferSize
                0x0000000008010658       0x26 ./USB_HOST/Target/usbh_conf.o
                0x0000000008010658                USBH_LL_GetLastXferSize
 .text.USBH_LL_OpenPipe
                0x000000000801067e       0x5e ./USB_HOST/Target/usbh_conf.o
                0x000000000801067e                USBH_LL_OpenPipe
 .text.USBH_LL_ClosePipe
                0x00000000080106dc       0x3e ./USB_HOST/Target/usbh_conf.o
                0x00000000080106dc                USBH_LL_ClosePipe
 .text.USBH_LL_SubmitURB
                0x000000000801071a       0x62 ./USB_HOST/Target/usbh_conf.o
                0x000000000801071a                USBH_LL_SubmitURB
 .text.USBH_LL_GetURBState
                0x000000000801077c       0x26 ./USB_HOST/Target/usbh_conf.o
                0x000000000801077c                USBH_LL_GetURBState
 .text.USBH_LL_DriverVBUS
                0x00000000080107a2       0x2e ./USB_HOST/Target/usbh_conf.o
                0x00000000080107a2                USBH_LL_DriverVBUS
 .text.USBH_LL_SetToggle
                0x00000000080107d0       0x60 ./USB_HOST/Target/usbh_conf.o
                0x00000000080107d0                USBH_LL_SetToggle
 .text.USBH_LL_GetToggle
                0x0000000008010830       0x60 ./USB_HOST/Target/usbh_conf.o
                0x0000000008010830                USBH_LL_GetToggle
 .text.USBH_Delay
                0x0000000008010890       0x16 ./USB_HOST/Target/usbh_conf.o
                0x0000000008010890                USBH_Delay
 *fill*         0x00000000080108a6        0x2 
 .text.USBH_Get_USB_Status
                0x00000000080108a8       0x58 ./USB_HOST/Target/usbh_conf.o
                0x00000000080108a8                USBH_Get_USB_Status
 .text.MX_DriverVbusFS
                0x0000000008010900       0x38 ./USB_HOST/Target/usbh_platform.o
                0x0000000008010900                MX_DriverVbusFS
 .text.malloc   0x0000000008010938       0x10 D:/STM32CubeIDE_1.3.0/STM32CubeIDE/plugins/com.st.stm32cube.ide.mcu.externaltools.gnu-tools-for-stm32.11.3.rel1.win32_1.1.100.202309141235/tools/bin/../lib/gcc/arm-none-eabi/11.3.1/../../../../arm-none-eabi/lib/thumb/v7e-m+fp/hard\libc_nano.a(libc_a-malloc.o)
                0x0000000008010938                malloc
 .text.free     0x0000000008010948       0x10 D:/STM32CubeIDE_1.3.0/STM32CubeIDE/plugins/com.st.stm32cube.ide.mcu.externaltools.gnu-tools-for-stm32.11.3.rel1.win32_1.1.100.202309141235/tools/bin/../lib/gcc/arm-none-eabi/11.3.1/../../../../arm-none-eabi/lib/thumb/v7e-m+fp/hard\libc_nano.a(libc_a-malloc.o)
                0x0000000008010948                free
 .text.sbrk_aligned
                0x0000000008010958       0x40 D:/STM32CubeIDE_1.3.0/STM32CubeIDE/plugins/com.st.stm32cube.ide.mcu.externaltools.gnu-tools-for-stm32.11.3.rel1.win32_1.1.100.202309141235/tools/bin/../lib/gcc/arm-none-eabi/11.3.1/../../../../arm-none-eabi/lib/thumb/v7e-m+fp/hard\libc_nano.a(libc_a-mallocr.o)
 .text._malloc_r
                0x0000000008010998      0x100 D:/STM32CubeIDE_1.3.0/STM32CubeIDE/plugins/com.st.stm32cube.ide.mcu.externaltools.gnu-tools-for-stm32.11.3.rel1.win32_1.1.100.202309141235/tools/bin/../lib/gcc/arm-none-eabi/11.3.1/../../../../arm-none-eabi/lib/thumb/v7e-m+fp/hard\libc_nano.a(libc_a-mallocr.o)
                0x0000000008010998                _malloc_r
 .text.__malloc_lock
                0x0000000008010a98        0xc D:/STM32CubeIDE_1.3.0/STM32CubeIDE/plugins/com.st.stm32cube.ide.mcu.externaltools.gnu-tools-for-stm32.11.3.rel1.win32_1.1.100.202309141235/tools/bin/../lib/gcc/arm-none-eabi/11.3.1/../../../../arm-none-eabi/lib/thumb/v7e-m+fp/hard\libc_nano.a(libc_a-mlock.o)
                0x0000000008010a98                __malloc_lock
 .text.__malloc_unlock
                0x0000000008010aa4        0xc D:/STM32CubeIDE_1.3.0/STM32CubeIDE/plugins/com.st.stm32cube.ide.mcu.externaltools.gnu-tools-for-stm32.11.3.rel1.win32_1.1.100.202309141235/tools/bin/../lib/gcc/arm-none-eabi/11.3.1/../../../../arm-none-eabi/lib/thumb/v7e-m+fp/hard\libc_nano.a(libc_a-mlock.o)
                0x0000000008010aa4                __malloc_unlock
 .text.memset   0x0000000008010ab0       0x10 D:/STM32CubeIDE_1.3.0/STM32CubeIDE/plugins/com.st.stm32cube.ide.mcu.externaltools.gnu-tools-for-stm32.11.3.rel1.win32_1.1.100.202309141235/tools/bin/../lib/gcc/arm-none-eabi/11.3.1/../../../../arm-none-eabi/lib/thumb/v7e-m+fp/hard\libc_nano.a(libc_a-memset.o)
                0x0000000008010ab0                memset
 .text.strncpy  0x0000000008010ac0       0x26 D:/STM32CubeIDE_1.3.0/STM32CubeIDE/plugins/com.st.stm32cube.ide.mcu.externaltools.gnu-tools-for-stm32.11.3.rel1.win32_1.1.100.202309141235/tools/bin/../lib/gcc/arm-none-eabi/11.3.1/../../../../arm-none-eabi/lib/thumb/v7e-m+fp/hard\libc_nano.a(libc_a-strncpy.o)
                0x0000000008010ac0                strncpy
 .text.strstr   0x0000000008010ae6       0x2c D:/STM32CubeIDE_1.3.0/STM32CubeIDE/plugins/com.st.stm32cube.ide.mcu.externaltools.gnu-tools-for-stm32.11.3.rel1.win32_1.1.100.202309141235/tools/bin/../lib/gcc/arm-none-eabi/11.3.1/../../../../arm-none-eabi/lib/thumb/v7e-m+fp/hard\libc_nano.a(libc_a-strstr.o)
                0x0000000008010ae6                strstr
 *fill*         0x0000000008010b12        0x2 
 .text._sbrk_r  0x0000000008010b14       0x20 D:/STM32CubeIDE_1.3.0/STM32CubeIDE/plugins/com.st.stm32cube.ide.mcu.externaltools.gnu-tools-for-stm32.11.3.rel1.win32_1.1.100.202309141235/tools/bin/../lib/gcc/arm-none-eabi/11.3.1/../../../../arm-none-eabi/lib/thumb/v7e-m+fp/hard\libc_nano.a(libc_a-sbrkr.o)
                0x0000000008010b14                _sbrk_r
 .text.__errno  0x0000000008010b34        0xc D:/STM32CubeIDE_1.3.0/STM32CubeIDE/plugins/com.st.stm32cube.ide.mcu.externaltools.gnu-tools-for-stm32.11.3.rel1.win32_1.1.100.202309141235/tools/bin/../lib/gcc/arm-none-eabi/11.3.1/../../../../arm-none-eabi/lib/thumb/v7e-m+fp/hard\libc_nano.a(libc_a-errno.o)
                0x0000000008010b34                __errno
 .text.__libc_init_array
                0x0000000008010b40       0x48 D:/STM32CubeIDE_1.3.0/STM32CubeIDE/plugins/com.st.stm32cube.ide.mcu.externaltools.gnu-tools-for-stm32.11.3.rel1.win32_1.1.100.202309141235/tools/bin/../lib/gcc/arm-none-eabi/11.3.1/../../../../arm-none-eabi/lib/thumb/v7e-m+fp/hard\libc_nano.a(libc_a-init.o)
                0x0000000008010b40                __libc_init_array
 .text.__retarget_lock_acquire_recursive
                0x0000000008010b88        0x2 D:/STM32CubeIDE_1.3.0/STM32CubeIDE/plugins/com.st.stm32cube.ide.mcu.externaltools.gnu-tools-for-stm32.11.3.rel1.win32_1.1.100.202309141235/tools/bin/../lib/gcc/arm-none-eabi/11.3.1/../../../../arm-none-eabi/lib/thumb/v7e-m+fp/hard\libc_nano.a(libc_a-lock.o)
                0x0000000008010b88                __retarget_lock_acquire_recursive
 .text.__retarget_lock_release_recursive
                0x0000000008010b8a        0x2 D:/STM32CubeIDE_1.3.0/STM32CubeIDE/plugins/com.st.stm32cube.ide.mcu.externaltools.gnu-tools-for-stm32.11.3.rel1.win32_1.1.100.202309141235/tools/bin/../lib/gcc/arm-none-eabi/11.3.1/../../../../arm-none-eabi/lib/thumb/v7e-m+fp/hard\libc_nano.a(libc_a-lock.o)
                0x0000000008010b8a                __retarget_lock_release_recursive
 .text.memcpy   0x0000000008010b8c       0x1c D:/STM32CubeIDE_1.3.0/STM32CubeIDE/plugins/com.st.stm32cube.ide.mcu.externaltools.gnu-tools-for-stm32.11.3.rel1.win32_1.1.100.202309141235/tools/bin/../lib/gcc/arm-none-eabi/11.3.1/../../../../arm-none-eabi/lib/thumb/v7e-m+fp/hard\libc_nano.a(libc_a-memcpy-stub.o)
                0x0000000008010b8c                memcpy
 .text._free_r  0x0000000008010ba8       0x98 D:/STM32CubeIDE_1.3.0/STM32CubeIDE/plugins/com.st.stm32cube.ide.mcu.externaltools.gnu-tools-for-stm32.11.3.rel1.win32_1.1.100.202309141235/tools/bin/../lib/gcc/arm-none-eabi/11.3.1/../../../../arm-none-eabi/lib/thumb/v7e-m+fp/hard\libc_nano.a(libc_a-freer.o)
                0x0000000008010ba8                _free_r
 *(.glue_7)
 .glue_7        0x0000000008010c40        0x0 linker stubs
 *(.glue_7t)
 .glue_7t       0x0000000008010c40        0x0 linker stubs
 *(.eh_frame)
 .eh_frame      0x0000000008010c40        0x0 D:/STM32CubeIDE_1.3.0/STM32CubeIDE/plugins/com.st.stm32cube.ide.mcu.externaltools.gnu-tools-for-stm32.11.3.rel1.win32_1.1.100.202309141235/tools/bin/../lib/gcc/arm-none-eabi/11.3.1/thumb/v7e-m+fp/hard/crtbegin.o
 *(.init)
 .init          0x0000000008010c40        0x4 D:/STM32CubeIDE_1.3.0/STM32CubeIDE/plugins/com.st.stm32cube.ide.mcu.externaltools.gnu-tools-for-stm32.11.3.rel1.win32_1.1.100.202309141235/tools/bin/../lib/gcc/arm-none-eabi/11.3.1/thumb/v7e-m+fp/hard/crti.o
                0x0000000008010c40                _init
 .init          0x0000000008010c44        0x8 D:/STM32CubeIDE_1.3.0/STM32CubeIDE/plugins/com.st.stm32cube.ide.mcu.externaltools.gnu-tools-for-stm32.11.3.rel1.win32_1.1.100.202309141235/tools/bin/../lib/gcc/arm-none-eabi/11.3.1/thumb/v7e-m+fp/hard/crtn.o
 *(.fini)
 .fini          0x0000000008010c4c        0x4 D:/STM32CubeIDE_1.3.0/STM32CubeIDE/plugins/com.st.stm32cube.ide.mcu.externaltools.gnu-tools-for-stm32.11.3.rel1.win32_1.1.100.202309141235/tools/bin/../lib/gcc/arm-none-eabi/11.3.1/thumb/v7e-m+fp/hard/crti.o
                0x0000000008010c4c                _fini
 .fini          0x0000000008010c50        0x8 D:/STM32CubeIDE_1.3.0/STM32CubeIDE/plugins/com.st.stm32cube.ide.mcu.externaltools.gnu-tools-for-stm32.11.3.rel1.win32_1.1.100.202309141235/tools/bin/../lib/gcc/arm-none-eabi/11.3.1/thumb/v7e-m+fp/hard/crtn.o
                0x0000000008010c58                . = ALIGN (0x4)
                0x0000000008010c58                _etext = .

.vfp11_veneer   0x0000000008010c58        0x0
 .vfp11_veneer  0x0000000008010c58        0x0 linker stubs

.v4_bx          0x0000000008010c58        0x0
 .v4_bx         0x0000000008010c58        0x0 linker stubs

.iplt           0x0000000008010c58        0x0
 .iplt          0x0000000008010c58        0x0 D:/STM32CubeIDE_1.3.0/STM32CubeIDE/plugins/com.st.stm32cube.ide.mcu.externaltools.gnu-tools-for-stm32.11.3.rel1.win32_1.1.100.202309141235/tools/bin/../lib/gcc/arm-none-eabi/11.3.1/thumb/v7e-m+fp/hard/crtbegin.o

.rodata         0x0000000008010c58      0x4c0
                0x0000000008010c58                . = ALIGN (0x4)
 *(.rodata)
 .rodata        0x0000000008010c58        0x8 ./Core/Src/explorer.o
 .rodata        0x0000000008010c60        0x4 ./Middlewares/ST/STM32_USB_Host_Library/Class/MSC/Src/usbh_msc.o
 .rodata        0x0000000008010c64       0x48 ./Middlewares/Third_Party/FatFs/src/ff.o
 *(.rodata*)
 .rodata.AHBPrescTable
                0x0000000008010cac       0x10 ./Core/Src/system_stm32f7xx.o
                0x0000000008010cac                AHBPrescTable
 .rodata.flagBitshiftOffset.0
                0x0000000008010cbc        0x8 ./Drivers/STM32F7xx_HAL_Driver/Src/stm32f7xx_hal_dma.o
 .rodata.USBH_Driver
                0x0000000008010cc4       0x14 ./FATFS/Target/usbh_diskio.o
                0x0000000008010cc4                USBH_Driver
 .rodata.ExCvt  0x0000000008010cd8       0x80 ./Middlewares/Third_Party/FatFs/src/ff.o
 .rodata.LfnOfs
                0x0000000008010d58        0xd ./Middlewares/Third_Party/FatFs/src/ff.o
 *fill*         0x0000000008010d65        0x3 
 .rodata.Tbl    0x0000000008010d68      0x100 ./Middlewares/Third_Party/FatFs/src/option/ccsbcs.o
 .rodata.cvt1.1
                0x0000000008010e68      0x1f2 ./Middlewares/Third_Party/FatFs/src/option/ccsbcs.o
 *fill*         0x000000000801105a        0x2 
 .rodata.cvt2.0
                0x000000000801105c       0xbc ./Middlewares/Third_Party/FatFs/src/option/ccsbcs.o
                0x0000000008011118                . = ALIGN (0x4)

.ARM.extab      0x0000000008011118        0x0
                0x0000000008011118                . = ALIGN (0x4)
 *(.ARM.extab* .gnu.linkonce.armextab.*)
                0x0000000008011118                . = ALIGN (0x4)

.ARM            0x0000000008011118        0x8
                0x0000000008011118                . = ALIGN (0x4)
                0x0000000008011118                __exidx_start = .
 *(.ARM.exidx*)
 .ARM.exidx     0x0000000008011118        0x8 D:/STM32CubeIDE_1.3.0/STM32CubeIDE/plugins/com.st.stm32cube.ide.mcu.externaltools.gnu-tools-for-stm32.11.3.rel1.win32_1.1.100.202309141235/tools/bin/../lib/gcc/arm-none-eabi/11.3.1/thumb/v7e-m+fp/hard\libgcc.a(_udivmoddi4.o)
                0x0000000008011120                __exidx_end = .
                0x0000000008011120                . = ALIGN (0x4)

.rel.dyn        0x0000000008011120        0x0
 .rel.iplt      0x0000000008011120        0x0 D:/STM32CubeIDE_1.3.0/STM32CubeIDE/plugins/com.st.stm32cube.ide.mcu.externaltools.gnu-tools-for-stm32.11.3.rel1.win32_1.1.100.202309141235/tools/bin/../lib/gcc/arm-none-eabi/11.3.1/thumb/v7e-m+fp/hard/crtbegin.o

.preinit_array  0x0000000008011120        0x0
                0x0000000008011120                . = ALIGN (0x4)
                0x0000000008011120                PROVIDE (__preinit_array_start = .)
 *(.preinit_array*)
                0x0000000008011120                PROVIDE (__preinit_array_end = .)
                0x0000000008011120                . = ALIGN (0x4)

.init_array     0x0000000008011120        0x4
                0x0000000008011120                . = ALIGN (0x4)
                0x0000000008011120                PROVIDE (__init_array_start = .)
 *(SORT_BY_NAME(.init_array.*))
 *(.init_array*)
 .init_array    0x0000000008011120        0x4 D:/STM32CubeIDE_1.3.0/STM32CubeIDE/plugins/com.st.stm32cube.ide.mcu.externaltools.gnu-tools-for-stm32.11.3.rel1.win32_1.1.100.202309141235/tools/bin/../lib/gcc/arm-none-eabi/11.3.1/thumb/v7e-m+fp/hard/crtbegin.o
                0x0000000008011124                PROVIDE (__init_array_end = .)
                0x0000000008011124                . = ALIGN (0x4)

.fini_array     0x0000000008011124        0x4
                0x0000000008011124                . = ALIGN (0x4)
                [!provide]                        PROVIDE (__fini_array_start = .)
 *(SORT_BY_NAME(.fini_array.*))
 *(.fini_array*)
 .fini_array    0x0000000008011124        0x4 D:/STM32CubeIDE_1.3.0/STM32CubeIDE/plugins/com.st.stm32cube.ide.mcu.externaltools.gnu-tools-for-stm32.11.3.rel1.win32_1.1.100.202309141235/tools/bin/../lib/gcc/arm-none-eabi/11.3.1/thumb/v7e-m+fp/hard/crtbegin.o
                [!provide]                        PROVIDE (__fini_array_end = .)
                0x0000000008011128                . = ALIGN (0x4)
                0x0000000008011128                _sidata = LOADADDR (.data)

.data           0x0000000020000000       0xb4 load address 0x0000000008011128
                0x0000000020000000                . = ALIGN (0x4)
                0x0000000020000000                _sdata = .
 *(.data)
 *(.data*)
 .data.SystemCoreClock
                0x0000000020000000        0x4 ./Core/Src/system_stm32f7xx.o
                0x0000000020000000                SystemCoreClock
 .data.uwVolume
                0x0000000020000004        0x4 ./Core/Src/waveplayer.o
 .data.wm8994_drv
                0x0000000020000008       0x30 ./Drivers/BSP/Components/wm8994/wm8994.o
                0x0000000020000008                wm8994_drv
 .data.ColdStartup
                0x0000000020000038        0x1 ./Drivers/BSP/Components/wm8994/wm8994.o
 *fill*         0x0000000020000039        0x3 
 .data.uwTickPrio
                0x000000002000003c        0x4 ./Drivers/STM32F7xx_HAL_Driver/Src/stm32f7xx_hal.o
                0x000000002000003c                uwTickPrio
 .data.uwTickFreq
                0x0000000020000040        0x1 ./Drivers/STM32F7xx_HAL_Driver/Src/stm32f7xx_hal.o
                0x0000000020000040                uwTickFreq
 *fill*         0x0000000020000041        0x3 
 .data.USBH_msc
                0x0000000020000044       0x20 ./Middlewares/ST/STM32_USB_Host_Library/Class/MSC/Src/usbh_msc.o
                0x0000000020000044                USBH_msc
 .data._impure_data
                0x0000000020000064       0x4c D:/STM32CubeIDE_1.3.0/STM32CubeIDE/plugins/com.st.stm32cube.ide.mcu.externaltools.gnu-tools-for-stm32.11.3.rel1.win32_1.1.100.202309141235/tools/bin/../lib/gcc/arm-none-eabi/11.3.1/../../../../arm-none-eabi/lib/thumb/v7e-m+fp/hard\libc_nano.a(libc_a-impure.o)
                0x0000000020000064                _impure_data
 .data._impure_ptr
                0x00000000200000b0        0x4 D:/STM32CubeIDE_1.3.0/STM32CubeIDE/plugins/com.st.stm32cube.ide.mcu.externaltools.gnu-tools-for-stm32.11.3.rel1.win32_1.1.100.202309141235/tools/bin/../lib/gcc/arm-none-eabi/11.3.1/../../../../arm-none-eabi/lib/thumb/v7e-m+fp/hard\libc_nano.a(libc_a-impure.o)
                0x00000000200000b0                _impure_ptr
 *(.RamFunc)
 *(.RamFunc*)
                0x00000000200000b4                . = ALIGN (0x4)
                0x00000000200000b4                _edata = .

.igot.plt       0x00000000200000b4        0x0 load address 0x00000000080111dc
 .igot.plt      0x00000000200000b4        0x0 D:/STM32CubeIDE_1.3.0/STM32CubeIDE/plugins/com.st.stm32cube.ide.mcu.externaltools.gnu-tools-for-stm32.11.3.rel1.win32_1.1.100.202309141235/tools/bin/../lib/gcc/arm-none-eabi/11.3.1/thumb/v7e-m+fp/hard/crtbegin.o
                0x00000000200000b4                . = ALIGN (0x4)

.bss            0x00000000200000b4     0x3608 load address 0x00000000080111dc
                0x00000000200000b4                _sbss = .
                0x00000000200000b4                __bss_start__ = _sbss
 *(.bss)
 .bss           0x00000000200000b4       0x1c D:/STM32CubeIDE_1.3.0/STM32CubeIDE/plugins/com.st.stm32cube.ide.mcu.externaltools.gnu-tools-for-stm32.11.3.rel1.win32_1.1.100.202309141235/tools/bin/../lib/gcc/arm-none-eabi/11.3.1/thumb/v7e-m+fp/hard/crtbegin.o
 *(.bss*)
 .bss.FileList  0x00000000200000d0      0x3da ./Core/Src/explorer.o
                0x00000000200000d0                FileList
 .bss.NumObs    0x00000000200004aa        0x2 ./Core/Src/explorer.o
                0x00000000200004aa                NumObs
 .bss.hi2c3     0x00000000200004ac       0x54 ./Core/Src/i2c.o
                0x00000000200004ac                hi2c3
 .bss.IsFinished
                0x0000000020000500        0x1 ./Core/Src/main.o
                0x0000000020000500                IsFinished
 *fill*         0x0000000020000501        0x3 
 .bss.hsai_BlockA2
                0x0000000020000504       0x84 ./Core/Src/sai.o
                0x0000000020000504                hsai_BlockA2
 .bss.hdma_sai2_a
                0x0000000020000588       0x60 ./Core/Src/sai.o
                0x0000000020000588                hdma_sai2_a
 .bss.SAI2_client
                0x00000000200005e8        0x4 ./Core/Src/sai.o
 .bss.__sbrk_heap_end
                0x00000000200005ec        0x4 ./Core/Src/sysmem.o
 .bss.BufferCtl
                0x00000000200005f0     0x2008 ./Core/Src/waveplayer.o
 .bss.FilePos   0x00000000200025f8        0x2 ./Core/Src/waveplayer.o
 .bss.AudioState
                0x00000000200025fa        0x1 ./Core/Src/waveplayer.o
                0x00000000200025fa                AudioState
 *fill*         0x00000000200025fb        0x1 
 .bss.WaveFormat
                0x00000000200025fc       0x2c ./Core/Src/waveplayer.o
                0x00000000200025fc                WaveFormat
 .bss.WavFile   0x0000000020002628      0x230 ./Core/Src/waveplayer.o
                0x0000000020002628                WavFile
 .bss.outputEnabled
                0x0000000020002858        0x4 ./Drivers/BSP/Components/wm8994/wm8994.o
 .bss.inputEnabled
                0x000000002000285c        0x4 ./Drivers/BSP/Components/wm8994/wm8994.o
 .bss.hI2cAudioHandler
                0x0000000020002860       0x54 ./Drivers/BSP/STM32746G-Discovery/stm32746g_discovery.o
 .bss.audio_drv
                0x00000000200028b4        0x4 ./Drivers/BSP/STM32746G-Discovery/stm32746g_discovery_audio.o
                0x00000000200028b4                audio_drv
 .bss.haudio_out_sai
                0x00000000200028b8       0x84 ./Drivers/BSP/STM32746G-Discovery/stm32746g_discovery_audio.o
                0x00000000200028b8                haudio_out_sai
 .bss.haudio_in_sai
                0x000000002000293c       0x84 ./Drivers/BSP/STM32746G-Discovery/stm32746g_discovery_audio.o
                0x000000002000293c                haudio_in_sai
 .bss.hdma_sai_tx.2
                0x00000000200029c0       0x60 ./Drivers/BSP/STM32746G-Discovery/stm32746g_discovery_audio.o
 .bss.uwTick    0x0000000020002a20        0x4 ./Drivers/STM32F7xx_HAL_Driver/Src/stm32f7xx_hal.o
                0x0000000020002a20                uwTick
 .bss.retUSBH   0x0000000020002a24        0x1 ./FATFS/App/fatfs.o
                0x0000000020002a24                retUSBH
 *fill*         0x0000000020002a25        0x3 
 .bss.USBHPath  0x0000000020002a28        0x4 ./FATFS/App/fatfs.o
                0x0000000020002a28                USBHPath
 .bss.USBHFatFS
                0x0000000020002a2c      0x234 ./FATFS/App/fatfs.o
                0x0000000020002a2c                USBHFatFS
 .bss.FatFs     0x0000000020002c60        0x4 ./Middlewares/Third_Party/FatFs/src/ff.o
 .bss.Fsid      0x0000000020002c64        0x2 ./Middlewares/Third_Party/FatFs/src/ff.o
 *fill*         0x0000000020002c66        0x2 
 .bss.Files     0x0000000020002c68       0x20 ./Middlewares/Third_Party/FatFs/src/ff.o
 .bss.LfnBuf    0x0000000020002c88      0x200 ./Middlewares/Third_Party/FatFs/src/ff.o
 .bss.disk      0x0000000020002e88        0xc ./Middlewares/Third_Party/FatFs/src/ff_gen_drv.o
                0x0000000020002e88                disk
 .bss.hUsbHostFS
                0x0000000020002e94      0x3d8 ./USB_HOST/App/usb_host.o
                0x0000000020002e94                hUsbHostFS
 .bss.Appli_state
                0x000000002000326c        0x1 ./USB_HOST/App/usb_host.o
                0x000000002000326c                Appli_state
 *fill*         0x000000002000326d        0x3 
 .bss.hhcd_USB_OTG_FS
                0x0000000020003270      0x304 ./USB_HOST/Target/usbh_conf.o
                0x0000000020003270                hhcd_USB_OTG_FS
 .bss.__malloc_free_list
                0x0000000020003574        0x4 D:/STM32CubeIDE_1.3.0/STM32CubeIDE/plugins/com.st.stm32cube.ide.mcu.externaltools.gnu-tools-for-stm32.11.3.rel1.win32_1.1.100.202309141235/tools/bin/../lib/gcc/arm-none-eabi/11.3.1/../../../../arm-none-eabi/lib/thumb/v7e-m+fp/hard\libc_nano.a(libc_a-mallocr.o)
                0x0000000020003574                __malloc_free_list
 .bss.__malloc_sbrk_start
                0x0000000020003578        0x4 D:/STM32CubeIDE_1.3.0/STM32CubeIDE/plugins/com.st.stm32cube.ide.mcu.externaltools.gnu-tools-for-stm32.11.3.rel1.win32_1.1.100.202309141235/tools/bin/../lib/gcc/arm-none-eabi/11.3.1/../../../../arm-none-eabi/lib/thumb/v7e-m+fp/hard\libc_nano.a(libc_a-mallocr.o)
                0x0000000020003578                __malloc_sbrk_start
 .bss.__sf      0x000000002000357c      0x138 D:/STM32CubeIDE_1.3.0/STM32CubeIDE/plugins/com.st.stm32cube.ide.mcu.externaltools.gnu-tools-for-stm32.11.3.rel1.win32_1.1.100.202309141235/tools/bin/../lib/gcc/arm-none-eabi/11.3.1/../../../../arm-none-eabi/lib/thumb/v7e-m+fp/hard\libc_nano.a(libc_a-findfp.o)
                0x000000002000357c                __sf
 .bss.errno     0x00000000200036b4        0x4 D:/STM32CubeIDE_1.3.0/STM32CubeIDE/plugins/com.st.stm32cube.ide.mcu.externaltools.gnu-tools-for-stm32.11.3.rel1.win32_1.1.100.202309141235/tools/bin/../lib/gcc/arm-none-eabi/11.3.1/../../../../arm-none-eabi/lib/thumb/v7e-m+fp/hard\libc_nano.a(libc_a-reent.o)
                0x00000000200036b4                errno
 .bss.__lock___malloc_recursive_mutex