../Middlewares/ST/STM32_USB_Host_Library/Class/MSC/Src/usbh_msc.c:137:27:USBH_MSC_InterfaceInit	48	static
../Middlewares/ST/STM32_USB_Host_Library/Class/MSC/Src/usbh_msc.c:235:27:USBH_MSC_InterfaceDeInit	24	static
../Middlewares/ST/STM32_USB_Host_Library/Class/MSC/Src/usbh_msc.c:269:27:USBH_MSC_ClassRequest	24	static
../Middlewares/ST/STM32_USB_Host_Library/Class/MSC/Src/usbh_msc.c:326:27:USBH_MSC_Process	32	static
../Middlewares/ST/STM32_USB_Host_Library/Class/MSC/Src/usbh_msc.c:568:27:USBH_MSC_SOFProcess	16	static
../Middlewares/ST/STM32_USB_Host_Library/Class/MSC/Src/usbh_msc.c:582:27:USBH_MSC_RdWrProcess	40	static
../Middlewares/ST/STM32_USB_Host_Library/Class/MSC/Src/usbh_msc.c:702:9:USBH_MSC_IsReady	24	static
../Middlewares/ST/STM32_USB_Host_Library/Class/MSC/Src/usbh_msc.c:725:9:USBH_MSC_GetMaxLUN	24	static
../Middlewares/ST/STM32_USB_Host_Library/Class/MSC/Src/usbh_msc.c:744:9:USBH_MSC_UnitIsReady	24	static
../Middlewares/ST/STM32_USB_Host_Library/Class/MSC/Src/usbh_msc.c:771:20:USBH_MSC_GetLUNInfo	32	static
../Middlewares/ST/STM32_USB_Host_Library/Class/MSC/Src/usbh_msc.c:799:20:USBH_MSC_Read	40	static
../Middlewares/ST/STM32_USB_Host_Library/Class/MSC/Src/usbh_msc.c:845:20:USBH_MSC_Write	40	static
