../Core/Src/waveplayer.c:51:20:AUDIO_PLAYER_Init	8	static
../Core/Src/waveplayer.c:68:20:AUDIO_PLAYER_Start	24	static
../Core/Src/waveplayer.c:110:20:AUDIO_PLAYER_Process	24	static
../Core/Src/waveplayer.c:232:20:AUDIO_PLAYER_Stop	8	static
../Core/Src/waveplayer.c:247:6:BSP_AUDIO_OUT_TransferComplete_CallBack	4	static
../Core/Src/waveplayer.c:260:6:BSP_AUDIO_OUT_HalfTransfer_CallBack	4	static
../Core/Src/waveplayer.c:277:27:GetFileInfo	24	static
../Core/Src/waveplayer.c:298:16:PlayerInit	16	static
